Component: ARM Compiler 5.05 update 1 (build 106) Tool: armlink [4d0efa]

==============================================================================

Section Cross References

    main.o(i.main) refers to system_stm32f10x.o(i.SystemInit) for SystemInit
    main.o(i.main) refers to delay.o(i.delay_init) for delay_init
    main.o(i.main) refers to sys.o(i.NVIC_Configuration) for NVIC_Configuration
    main.o(i.main) refers to usart.o(i.uart_init) for uart_init
    main.o(i.main) refers to timer.o(i.TIM2_Int_Init) for TIM2_Int_Init
    main.o(i.main) refers to bsp_ili9341_lcd.o(i.ILI9341_Init) for ILI9341_Init
    main.o(i.main) refers to bsp_ili9341_lcd.o(i.ILI9341_GramScan) for ILI9341_GramScan
    main.o(i.main) refers to bsp_ili9341_lcd.o(i.LCD_SetFont) for LCD_SetFont
    main.o(i.main) refers to bsp_ili9341_lcd.o(i.LCD_SetColors) for LCD_SetColors
    main.o(i.main) refers to bsp_ili9341_lcd.o(i.ILI9341_Clear) for ILI9341_Clear
    main.o(i.main) refers to angle.o(i.initMPU) for initMPU
    main.o(i.main) refers to moto.o(i.motoInit) for motoInit
    main.o(i.main) refers to key.o(i.Key_GPIO_Config) for Key_GPIO_Config
    main.o(i.main) refers to openmv.o(i.openMVPortInit) for openMVPortInit
    main.o(i.main) refers to control.o(i.PID_Init) for PID_Init
    main.o(i.main) refers to control.o(i.controlDataInit) for controlDataInit
    main.o(i.main) refers to timer.o(i.getTime10MsFlag) for getTime10MsFlag
    main.o(i.main) refers to control.o(i.getSensorData) for getSensorData
    main.o(i.main) refers to key.o(i.Key_button) for Key_button
    main.o(i.main) refers to control.o(i.systemStateCtrl) for systemStateCtrl
    main.o(i.main) refers to timer.o(i.getTime100MsFlag) for getTime100MsFlag
    main.o(i.main) refers to display.o(i.displayWorkState) for displayWorkState
    main.o(i.main) refers to control.o(i.ballMoveCtrl) for ballMoveCtrl
    main.o(i.main) refers to fonts.o(.data) for Font8x16
    main.o(i.main) refers to bsp_ili9341_lcd.o(.data) for LCD_Y_LENGTH
    stm32f10x_it.o(i.USART2_IRQHandler) refers to stm32f10x_usart.o(i.USART_GetITStatus) for USART_GetITStatus
    stm32f10x_it.o(i.USART2_IRQHandler) refers to stm32f10x_usart.o(i.USART_ReceiveData) for USART_ReceiveData
    stm32f10x_it.o(i.USART2_IRQHandler) refers to openmv.o(i.openMVDataProess) for openMVDataProess
    display.o(i.displayInit) refers to bsp_ili9341_lcd.o(i.ILI9341_Init) for ILI9341_Init
    display.o(i.displayInit) refers to bsp_ili9341_lcd.o(i.ILI9341_GramScan) for ILI9341_GramScan
    display.o(i.displayInit) refers to bsp_ili9341_lcd.o(i.LCD_SetFont) for LCD_SetFont
    display.o(i.displayInit) refers to bsp_ili9341_lcd.o(i.LCD_SetColors) for LCD_SetColors
    display.o(i.displayInit) refers to bsp_ili9341_lcd.o(i.ILI9341_Clear) for ILI9341_Clear
    display.o(i.displayInit) refers to fonts.o(.data) for Font8x16
    display.o(i.displayInit) refers to bsp_ili9341_lcd.o(.data) for LCD_Y_LENGTH
    display.o(i.displayWorkState) refers to _printf_pad.o(.text) for _printf_pre_padding
    display.o(i.displayWorkState) refers to _printf_percent.o(.ARM.Collect$$_printf_percent$$00000000) for _printf_percent
    display.o(i.displayWorkState) refers to _printf_d.o(.ARM.Collect$$_printf_percent$$00000009) for _printf_d
    display.o(i.displayWorkState) refers to _printf_dec.o(.text) for _printf_int_dec
    display.o(i.displayWorkState) refers to _printf_f.o(.ARM.Collect$$_printf_percent$$00000003) for _printf_f
    display.o(i.displayWorkState) refers to printf1.o(x$fpl$printf1) for _printf_fp_dec
    display.o(i.displayWorkState) refers to rt_memclr_w.o(.text) for __aeabi_memclr4
    display.o(i.displayWorkState) refers to bsp_ili9341_lcd.o(i.LCD_GetFont) for LCD_GetFont
    display.o(i.displayWorkState) refers to bsp_ili9341_lcd.o(i.ILI9341_DispStringLine_EN) for ILI9341_DispStringLine_EN
    display.o(i.displayWorkState) refers to noretval__2sprintf.o(.text) for __2sprintf
    display.o(i.displayWorkState) refers to bsp_ili9341_lcd.o(i.ILI9341_DispString_EN) for ILI9341_DispString_EN
    display.o(i.displayWorkState) refers to f2d.o(x$fpl$f2d) for __aeabi_f2d
    display.o(i.displayWorkState) refers to control.o(.bss) for systemControl
    display.o(i.displayWorkState) refers to display.o(.data) for itemLast
    display.o(i.displayWorkState) refers to control.o(.data) for pathStringCut
    control.o(i.CtrlSpeed) refers to timer.o(i.getTime) for getTime
    control.o(i.CtrlSpeed) refers to control.o(i.PID_Postion_Cal) for PID_Postion_Cal
    control.o(i.CtrlSpeed) refers to faddsub_clz.o(x$fpl$fadd) for __aeabi_fadd
    control.o(i.CtrlSpeed) refers to control.o(.data) for tPrev
    control.o(i.CtrlSpeed) refers to control.o(.bss) for systemControl
    control.o(i.PID_Init) refers to control.o(.bss) for xCtrl
    control.o(i.PID_Postion_Cal) refers to dflt_clz.o(x$fpl$dflt) for __aeabi_i2d
    control.o(i.PID_Postion_Cal) refers to ddiv.o(x$fpl$ddiv) for __aeabi_ddiv
[...]
    __cxa_finalize                            - Undefined Weak Reference
    __sigvec_lookup                           - Undefined Weak Reference
    _atexit_init                              - Undefined Weak Reference
    _call_atexit_fns                          - Undefined Weak Reference
    _clock_init                               - Undefined Weak Reference
    _fp_trap_init                             - Undefined Weak Reference
    _fp_trap_shutdown                         - Undefined Weak Reference
    _get_lc_collate                           - Undefined Weak Reference
    _get_lc_ctype                             - Undefined Weak Reference
    _get_lc_monetary                          - Undefined Weak Reference
    _get_lc_time                              - Undefined Weak Reference
    _getenv_init                              - Undefined Weak Reference
    _handle_redirection                       - Undefined Weak Reference
    _init_alloc                               - Undefined Weak Reference
    _init_user_alloc                          - Undefined Weak Reference
    _initio                                   - Undefined Weak Reference
    _mutex_acquire                            - Undefined Weak Reference
    _mutex_release                            - Undefined Weak Reference
    _printf_truncate_signed                   - Undefined Weak Reference
    _printf_truncate_unsigned                 - Undefined Weak Reference
    _rand_init                                - Undefined Weak Reference
    _signal_finish                            - Undefined Weak Reference
    _signal_init                              - Undefined Weak Reference
    _terminate_alloc                          - Undefined Weak Reference
    _terminate_user_alloc                     - Undefined Weak Reference
    _terminateio                              - Undefined Weak Reference
    __Vectors_Size                           0x00000130   Number         0  startup_stm32f10x_hd.o ABSOLUTE
    __Vectors                                0x08000000   Data           4  startup_stm32f10x_hd.o(RESET)
    __Vectors_End                            0x08000130   Data           0  startup_stm32f10x_hd.o(RESET)
    __main                                   0x08000131   Thumb Code     8  __main.o(!!!main)
    __scatterload                            0x08000139   Thumb Code     0  __scatter.o(!!!scatter)
    __scatterload_rt2                        0x08000139   Thumb Code    44  __scatter.o(!!!scatter)
    __scatterload_rt2_thumb_only             0x08000139   Thumb Code     0  __scatter.o(!!!scatter)
    __scatterload_null                       0x08000147   Thumb Code     0  __scatter.o(!!!scatter)
    __scatterload_copy                       0x0800016d   Thumb Code    26  __scatter_copy.o(!!handler_copy)
    __scatterload_zeroinit                   0x08000189   Thumb Code    28  __scatter_zi.o(!!handler_zi)
    _printf_f                                0x080001a5   Thumb Code     0  _printf_f.o(.ARM.Collect$$_printf_percent$$00000003)
    _printf_percent                          0x080001a5   Thumb Code     0  _printf_percent.o(.ARM.Collect$$_printf_percent$$00000000)
    _printf_d                                0x080001ab   Thumb Code     0  _printf_d.o(.ARM.Collect$$_printf_percent$$00000009)
    _printf_percent_end                      0x080001b1   Thumb Code     0  _printf_percent_end.o(.ARM.Collect$$_printf_percent$$00000017)
    __rt_lib_init                            0x080001b5   Thumb Code     0  libinit.o(.ARM.Collect$$libinit$$00000000)
    __rt_lib_init_fp_1                       0x080001b7   Thumb Code     0  libinit2.o(.ARM.Collect$$libinit$$00000002)
    __rt_lib_init_heap_1                     0x080001b7   Thumb Code     0  libinit2.o(.ARM.Collect$$libinit$$0000000A)
    __rt_lib_init_lc_common                  0x080001b7   Thumb Code     0  libinit2.o(.ARM.Collect$$libinit$$0000000F)
    __rt_lib_init_preinit_1                  0x080001b7   Thumb Code     0  libinit2.o(.ARM.Collect$$libinit$$00000004)
    __rt_lib_init_rand_1                     0x080001b7   Thumb Code     0  libinit2.o(.ARM.Collect$$libinit$$0000000E)
    __rt_lib_init_user_alloc_1               0x080001b7   Thumb Code     0  libinit2.o(.ARM.Collect$$libinit$$0000000C)
    __rt_lib_init_lc_collate_1               0x080001bd   Thumb Code     0  libinit2.o(.ARM.Collect$$libinit$$00000011)
    __rt_lib_init_lc_ctype_1                 0x080001bd   Thumb Code     0  libinit2.o(.ARM.Collect$$libinit$$00000013)
    __rt_lib_init_lc_monetary_1              0x080001bd   Thumb Code     0  libinit2.o(.ARM.Collect$$libinit$$00000015)
    __rt_lib_init_lc_numeric_2               0x080001bd   Thumb Code     0  libinit2.o(.ARM.Collect$$libinit$$00000016)
    __rt_lib_init_alloca_1                   0x080001c7   Thumb Code     0  libinit2.o(.ARM.Collect$$libinit$$0000002E)
    __rt_lib_init_argv_1                     0x080001c7   Thumb Code     0  libinit2.o(.ARM.Collect$$libinit$$0000002C)
    __rt_lib_init_atexit_1                   0x080001c7   Thumb Code     0  libinit2.o(.ARM.Collect$$libinit$$0000001B)
    __rt_lib_init_clock_1                    0x080001c7   Thumb Code     0  libinit2.o(.ARM.Collect$$libinit$$00000021)
    __rt_lib_init_cpp_1                      0x080001c7   Thumb Code     0  libinit2.o(.ARM.Collect$$libinit$$00000032)
    __rt_lib_init_exceptions_1               0x080001c7   Thumb Code     0  libinit2.o(.ARM.Collect$$libinit$$00000030)
    __rt_lib_init_fp_trap_1                  0x080001c7   Thumb Code     0  libinit2.o(.ARM.Collect$$libinit$$0000001F)
    __rt_lib_init_getenv_1                   0x080001c7   Thumb Code     0  libinit2.o(.ARM.Collect$$libinit$$00000023)
    __rt_lib_init_lc_numeric_1               0x080001c7   Thumb Code     0  libinit2.o(.ARM.Collect$$libinit$$00000017)
    __rt_lib_init_lc_time_1                  0x080001c7   Thumb Code     0  libinit2.o(.ARM.Collect$$libinit$$00000019)
    __rt_lib_init_return                     0x080001c7   Thumb Code     0  libinit2.o(.ARM.Collect$$libinit$$00000033)
    __rt_lib_init_signal_1                   0x080001c7   Thumb Code     0  libinit2.o(.ARM.Collect$$libinit$$0000001D)
    __rt_lib_init_stdio_1                    0x080001c7   Thumb Code     0  libinit2.o(.ARM.Collect$$libinit$$00000025)
    __rt_lib_shutdown                        0x080001c9   Thumb Code     0  libshutdown.o(.ARM.Collect$$libshutdown$$00000000)
    __rt_lib_shutdown_fp_trap_1              0x080001cb   Thumb Code     0  libshutdown2.o(.ARM.Collect$$libshutdown$$00000006)
    __rt_lib_shutdown_heap_1                 0x080001cb   Thumb Code     0  libshutdown2.o(.ARM.Collect$$libshutdown$$0000000E)
    __rt_lib_shutdown_return                 0x080001cb   Thumb Code     0  libshutdown2.o(.ARM.Collect$$libshutdown$$0000000F)
    __rt_lib_shutdown_signal_1               0x080001cb   Thumb Code     0  libshutdown2.o(.ARM.Collect$$libshutdown$$00000009)
    __rt_lib_shutdown_stdio_1                0x080001cb   Thumb Code     0  libshutdown2.o(.ARM.Collect$$libshutdown$$00000003)
    __rt_lib_shutdown_user_alloc_1           0x080001cb   Thumb Code     0  libshutdown2.o(.ARM.Collect$$libshutdown$$0000000B)
    __rt_entry                               0x080001cd   Thumb Code     0  __rtentry.o(.ARM.Collect$$rtentry$$00000000)
    __rt_entry_presh_1                       0x080001cd   Thumb Code     0  __rtentry2.o(.ARM.Collect$$rtentry$$00000002)
    __rt_entry_sh                            0x080001cd   Thumb Code     0  __rtentry4.o(.ARM.Collect$$rtentry$$00000004)
    __rt_entry_li                            0x080001d3   Thumb Code     0  __rtentry2.o(.ARM.Collect$$rtentry$$0000000A)
    __rt_entry_postsh_1                      0x080001d3   Thumb Code     0  __rtentry2.o(.ARM.Collect$$rtentry$$00000009)
    __rt_entry_main                          0x080001d7   Thumb Code     0  __rtentry2.o(.ARM.Collect$$rtentry$$0000000D)
    __rt_entry_postli_1                      0x080001d7   Thumb Code     0  __rtentry2.o(.ARM.Collect$$rtentry$$0000000C)
    __rt_exit                                0x080001df   Thumb Code     0  rtexit.o(.ARM.Collect$$rtexit$$00000000)
    __rt_exit_ls                             0x080001e1   Thumb Code     0  rtexit2.o(.ARM.Collect$$rtexit$$00000003)
    __rt_exit_prels_1                        0x080001e1   Thumb Code     0  rtexit2.o(.ARM.Collect$$rtexit$$00000002)
    __rt_exit_exit                           0x080001e5   Thumb Code     0  rtexit2.o(.ARM.Collect$$rtexit$$00000004)
    Reset_Handler                            0x080001ed   Thumb Code     8  startup_stm32f10x_hd.o(.text)
    ADC1_2_IRQHandler                        0x08000207   Thumb Code     0  startup_stm32f10x_hd.o(.text)
    ADC3_IRQHandler                          0x08000207   Thumb Code     0  startup_stm32f10x_hd.o(.text)
    CAN1_RX1_IRQHandler                      0x08000207   Thumb Code     0  startup_stm32f10x_hd.o(.text)
    CAN1_SCE_IRQHandler                      0x08000207   Thumb Code     0  startup_stm32f10x_hd.o(.text)
    DMA1_Channel1_IRQHandler                 0x08000207   Thumb Code     0  startup_stm32f10x_hd.o(.text)
    DMA1_Channel2_IRQHandler                 0x08000207   Thumb Code     0  startup_stm32f10x_hd.o(.text)
    DMA1_Channel3_IRQHandler                 0x08000207   Thumb Code     0  startup_stm32f10x_hd.o(.text)
    DMA1_Channel4_IRQHandler                 0x08000207   Thumb Code     0  startup_stm32f10x_hd.o(.text)
    DMA1_Channel5_IRQHandler                 0x08000207   Thumb Code     0  startup_stm32f10x_hd.o(.text)
    DMA1_Channel6_IRQHandler                 0x08000207   Thumb Code     0  startup_stm32f10x_hd.o(.text)
    DMA1_Channel7_IRQHandler                 0x08000207   Thumb Code     0  startup_stm32f10x_hd.o(.text)
    DMA2_Channel1_IRQHandler                 0x08000207   Thumb Code     0  startup_stm32f10x_hd.o(.text)
    DMA2_Channel2_IRQHandler                 0x08000207   Thumb Code     0  startup_stm32f10x_hd.o(.text)
    DMA2_Channel3_IRQHandler                 0x08000207   Thumb Code     0  startup_stm32f10x_hd.o(.text)
    DMA2_Channel4_5_IRQHandler               0x08000207   Thumb Code     0  startup_stm32f10x_hd.o(.text)
    EXTI0_IRQHandler                         0x08000207   Thumb Code     0  startup_stm32f10x_hd.o(.text)
    EXTI15_10_IRQHandler                     0x08000207   Thumb Code     0  startup_stm32f10x_hd.o(.text)
    EXTI1_IRQHandler                         0x08000207   Thumb Code     0  startup_stm32f10x_hd.o(.text)
    EXTI2_IRQHandler                         0x08000207   Thumb Code     0  startup_stm32f10x_hd.o(.text)
    EXTI3_IRQHandler                         0x08000207   Thumb Code     0  startup_stm32f10x_hd.o(.text)
    EXTI4_IRQHandler                         0x08000207   Thumb Code     0  startup_stm32f10x_hd.o(.text)
    EXTI9_5_IRQHandler                       0x08000207   Thumb Code     0  startup_stm32f10x_hd.o(.text)
    FLASH_IRQHandler                         0x08000207   Thumb Code     0  startup_stm32f10x_hd.o(.text)
    FSMC_IRQHandler                          0x08000207   Thumb Code     0  startup_stm32f10x_hd.o(.text)
    I2C1_ER_IRQHandler                       0x08000207   Thumb Code     0  startup_stm32f10x_hd.o(.text)
    I2C1_EV_IRQHandler                       0x08000207   Thumb Code     0  startup_stm32f10x_hd.o(.text)
    I2C2_ER_IRQHandler                       0x08000207   Thumb Code     0  startup_stm32f10x_hd.o(.text)
    I2C2_EV_IRQHandler                       0x08000207   Thumb Code     0  startup_stm32f10x_hd.o(.text)
    PVD_IRQHandler                           0x08000207   Thumb Code     0  startup_stm32f10x_hd.o(.text)
    RCC_IRQHandler                           0x08000207   Thumb Code     0  startup_stm32f10x_hd.o(.text)
    RTCAlarm_IRQHandler                      0x08000207   Thumb Code     0  startup_stm32f10x_hd.o(.text)
    RTC_IRQHandler                           0x08000207   Thumb Code     0  startup_stm32f10x_hd.o(.text)
    SDIO_IRQHandler                          0x08000207   Thumb Code     0  startup_stm32f10x_hd.o(.text)
    SPI1_IRQHandler                          0x08000207   Thumb Code     0  startup_stm32f10x_hd.o(.text)
    SPI2_IRQHandler                          0x08000207   Thumb Code     0  startup_stm32f10x_hd.o(.text)
    SPI3_IRQHandler                          0x08000207   Thumb Code     0  startup_stm32f10x_hd.o(.text)
    TAMPER_IRQHandler                        0x08000207   Thumb Code     0  startup_stm32f10x_hd.o(.text)
    TIM1_BRK_IRQHandler                      0x08000207   Thumb Code     0  startup_stm32f10x_hd.o(.text)
    TIM1_CC_IRQHandler                       0x08000207   Thumb Code     0  startup_stm32f10x_hd.o(.text)
    TIM1_TRG_COM_IRQHandler                  0x08000207   Thumb Code     0  startup_stm32f10x_hd.o(.text)
    TIM1_UP_IRQHandler                       0x08000207   Thumb Code     0  startup_stm32f10x_hd.o(.text)
    TIM3_IRQHandler                          0x08000207   Thumb Code     0  startup_stm32f10x_hd.o(.text)
    TIM4_IRQHandler                          0x08000207   Thumb Code     0  startup_stm32f10x_hd.o(.text)
    TIM5_IRQHandler                          0x08000207   Thumb Code     0  startup_stm32f10x_hd.o(.text)
    TIM6_IRQHandler                          0x08000207   Thumb Code     0  startup_stm32f10x_hd.o(.text)
    TIM7_IRQHandler                          0x08000207   Thumb Code     0  startup_stm32f10x_hd.o(.text)
    TIM8_BRK_IRQHandler                      0x08000207   Thumb Code     0  startup_stm32f10x_hd.o(.text)
    TIM8_CC_IRQHandler                       0x08000207   Thumb Code     0  startup_stm32f10x_hd.o(.text)
    TIM8_TRG_COM_IRQHandler                  0x08000207   Thumb Code     0  startup_stm32f10x_hd.o(.text)
    TIM8_UP_IRQHandler                       0x08000207   Thumb Code     0  startup_stm32f10x_hd.o(.text)
    UART4_IRQHandler                         0x08000207   Thumb Code     0  startup_stm32f10x_hd.o(.text)
    UART5_IRQHandler                         0x08000207   Thumb Code     0  startup_stm32f10x_hd.o(.text)
    USART3_IRQHandler                        0x08000207   Thumb Code     0  startup_stm32f10x_hd.o(.text)
    USBWakeUp_IRQHandler                     0x08000207   Thumb Code     0  startup_stm32f10x_hd.o(.text)
    USB_HP_CAN1_TX_IRQHandler                0x08000207   Thumb Code     0  startup_stm32f10x_hd.o(.text)
    USB_LP_CAN1_RX0_IRQHandler               0x08000207   Thumb Code     0  startup_stm32f10x_hd.o(.text)
    WWDG_IRQHandler                          0x08000207   Thumb Code     0  startup_stm32f10x_hd.o(.text)
    __user_initial_stackheap                 0x08000209   Thumb Code     0  startup_stm32f10x_hd.o(.text)
    __use_no_semihosting                     0x0800022d   Thumb Code     2  use_no_semi_2.o(.text)
    __aeabi_ldivmod                          0x0800022f   Thumb Code     0  llsdiv.o(.text)
    _ll_sdiv                                 0x0800022f   Thumb Code    72  llsdiv.o(.text)
    __2printf                                0x08000279   Thumb Code    20  noretval__2printf.o(.text)
    __2sprintf                               0x08000291   Thumb Code    34  noretval__2sprintf.o(.text)
    _printf_pre_padding                      0x080002b9   Thumb Code    44  _printf_pad.o(.text)
    _printf_post_padding                     0x080002e5   Thumb Code    34  _printf_pad.o(.text)
    _printf_int_dec                          0x08000309   Thumb Code   104  _printf_dec.o(.text)
    __printf                                 0x08000381   Thumb Code   270  __printf_wp.o(.text)
    memcmp                                   0x0800048f   Thumb Code    88  memcmp.o(.text)
    __aeabi_memset                           0x080004e7   Thumb Code    16  aeabi_memset.o(.text)
    __aeabi_memclr4                          0x080004f7   Thumb Code     0  rt_memclr_w.o(.text)
    __aeabi_memclr8                          0x080004f7   Thumb Code     0  rt_memclr_w.o(.text)
    __rt_memclr_w                            0x080004f7   Thumb Code    78  rt_memclr_w.o(.text)
    _memset_w                                0x080004fb   Thumb Code     0  rt_memclr_w.o(.text)
    __use_two_region_memory                  0x08000545   Thumb Code     2  heapauxi.o(.text)
    __rt_heap_escrow$2region                 0x08000547   Thumb Code     2  heapauxi.o(.text)
    __rt_heap_expand$2region                 0x08000549   Thumb Code     2  heapauxi.o(.text)
    __I$use$semihosting                      0x0800054b   Thumb Code     0  use_no_semi.o(.text)
    __use_no_semihosting_swi                 0x0800054b   Thumb Code     2  use_no_semi.o(.text)
    __aeabi_uldivmod                         0x0800054d   Thumb Code     0  lludivv7m.o(.text)
    _ll_udiv                                 0x0800054d   Thumb Code   238  lludivv7m.o(.text)
    __read_errno                             0x0800063b   Thumb Code    10  _rserrno.o(.text)
    __set_errno                              0x08000645   Thumb Code    12  _rserrno.o(.text)
    _printf_int_common                       0x08000651   Thumb Code   178  _printf_intcommon.o(.text)
    __lib_sel_fp_printf                      0x08000703   Thumb Code     2  _printf_fp_dec.o(.text)
    _printf_fp_dec_real                      0x080008b1   Thumb Code   620  _printf_fp_dec.o(.text)
    _printf_char_common                      0x08000b27   Thumb Code    32  _printf_char_common.o(.text)
    _sputc                                   0x08000b4d   Thumb Code    10  _sputc.o(.text)
    _printf_char_file                        0x08000b59   Thumb Code    32  _printf_char_file.o(.text)
    __aeabi_memclr                           0x08000b7d   Thumb Code     0  rt_memclr.o(.text)
    __rt_memclr                              0x08000b7d   Thumb Code    68  rt_memclr.o(.text)
    _memset                                  0x08000b81   Thumb Code     0  rt_memclr.o(.text)
    __rt_locale                              0x08000bc1   Thumb Code     8  rt_locale_intlibspace.o(.text)
    __aeabi_errno_addr                       0x08000bc9   Thumb Code     8  rt_errno_addr_intlibspace.o(.text)
    __errno$intlibspace                      0x08000bc9   Thumb Code     0  rt_errno_addr_intlibspace.o(.text)
    __rt_errno_addr$intlibspace              0x08000bc9   Thumb Code     0  rt_errno_addr_intlibspace.o(.text)
    _ll_udiv10                               0x08000bd1   Thumb Code   138  lludiv10.o(.text)
    _printf_fp_infnan                        0x08000c5d   Thumb Code   112  _printf_fp_infnan.o(.text)
    _btod_etento                             0x08000cdd   Thumb Code   216  bigflt0.o(.text)
    ferror                                   0x08000db9   Thumb Code     8  ferror.o(.text)
    __user_libspace                          0x08000dc1   Thumb Code     8  libspace.o(.text)
    __user_perproc_libspace                  0x08000dc1   Thumb Code     0  libspace.o(.text)
    __user_perthread_libspace                0x08000dc1   Thumb Code     0  libspace.o(.text)
    __user_setup_stackheap                   0x08000dc9   Thumb Code    74  sys_stackheap_outer.o(.text)
    exit                                     0x08000e13   Thumb Code    12  exit.o(.text)
    strcmp                                   0x08000e21   Thumb Code   128  strcmpv7m.o(.text)
    _btod_d2e                                0x08000ea1   Thumb Code    62  btod.o(CL$$btod_d2e)
    _d2e_denorm_low                          0x08000edf   Thumb Code    70  btod.o(CL$$btod_d2e_denorm_low)
    _d2e_norm_op1                            0x08000f25   Thumb Code    96  btod.o(CL$$btod_d2e_norm_op1)
    __btod_div_common                        0x08000f85   Thumb Code   696  btod.o(CL$$btod_div_common)
    _e2e                                     0x080012bd   Thumb Code   198  btod.o(CL$$btod_e2e)
    _btod_ediv                               0x08001383   Thumb Code    40  btod.o(CL$$btod_ediv)
    _btod_emul                               0x080013ab   Thumb Code    40  btod.o(CL$$btod_emul)
    __btod_mult_common                       0x080013d3   Thumb Code   580  btod.o(CL$$btod_mult_common)
    BusFault_Handler                         0x08001617   Thumb Code     4  stm32f10x_it.o(i.BusFault_Handler)
    DebugMon_Handler                         0x0800161b   Thumb Code     2  stm32f10x_it.o(i.DebugMon_Handler)
    FSMC_NORSRAMCmd                          0x0800161d   Thumb Code    46  stm32f10x_fsmc.o(i.FSMC_NORSRAMCmd)
    FSMC_NORSRAMInit                         0x08001651   Thumb Code   230  stm32f10x_fsmc.o(i.FSMC_NORSRAMInit)
    GPIO_Init                                0x08001737   Thumb Code   278  stm32f10x_gpio.o(i.GPIO_Init)
    GPIO_ResetBits                           0x0800184d   Thumb Code     4  stm32f10x_gpio.o(i.GPIO_ResetBits)
    GPIO_SetBits                             0x08001851   Thumb Code     4  stm32f10x_gpio.o(i.GPIO_SetBits)
    GPIO_Write                               0x08001855   Thumb Code     4  stm32f10x_gpio.o(i.GPIO_Write)
    HardFault_Handler                        0x08001859   Thumb Code     4  stm32f10x_it.o(i.HardFault_Handler)
    ILI9341_BackLed_Control                  0x08001a59   Thumb Code    26  bsp_ili9341_lcd.o(i.ILI9341_BackLed_Control)
    ILI9341_Clear                            0x08001a79   Thumb Code    40  bsp_ili9341_lcd.o(i.ILI9341_Clear)
    ILI9341_DispChar_EN                      0x08001ab9   Thumb Code   138  bsp_ili9341_lcd.o(i.ILI9341_DispChar_EN)
    ILI9341_DispStringLine_EN                0x08001b51   Thumb Code    92  bsp_ili9341_lcd.o(i.ILI9341_DispStringLine_EN)
    ILI9341_DispString_EN                    0x08001bb9   Thumb Code    92  bsp_ili9341_lcd.o(i.ILI9341_DispString_EN)
    ILI9341_GramScan                         0x08001e49   Thumb Code   172  bsp_ili9341_lcd.o(i.ILI9341_GramScan)
    ILI9341_Init                             0x08001f01   Thumb Code    34  bsp_ili9341_lcd.o(i.ILI9341_Init)
    ILI9341_OpenWindow                       0x08001f29   Thumb Code    88  bsp_ili9341_lcd.o(i.ILI9341_OpenWindow)
    ILI9341_Rst                              0x080021b1   Thumb Code    36  bsp_ili9341_lcd.o(i.ILI9341_Rst)
    ILI9341_Write_Cmd                        0x080021d9   Thumb Code     8  bsp_ili9341_lcd.o(i.ILI9341_Write_Cmd)
    ILI9341_Write_Data                       0x080021e1   Thumb Code     6  bsp_ili9341_lcd.o(i.ILI9341_Write_Data)
    Key_GPIO_Config                          0x080021ed   Thumb Code    68  key.o(i.Key_GPIO_Config)
    Key_button                               0x08002235   Thumb Code   418  key.o(i.Key_button)
    LCD_GetFont                              0x080023e1   Thumb Code     6  bsp_ili9341_lcd.o(i.LCD_GetFont)
    LCD_SetColors                            0x080023ed   Thumb Code    10  bsp_ili9341_lcd.o(i.LCD_SetColors)
    LCD_SetFont                              0x08002401   Thumb Code     6  bsp_ili9341_lcd.o(i.LCD_SetFont)
    MemManage_Handler                        0x0800240d   Thumb Code     4  stm32f10x_it.o(i.MemManage_Handler)
    NMI_Handler                              0x08002411   Thumb Code     2  stm32f10x_it.o(i.NMI_Handler)
    NVIC_Configuration                       0x08002413   Thumb Code    12  sys.o(i.NVIC_Configuration)
    NVIC_Init                                0x08002421   Thumb Code   100  misc.o(i.NVIC_Init)
    NVIC_PriorityGroupConfig                 0x08002491   Thumb Code    10  misc.o(i.NVIC_PriorityGroupConfig)
    PID_Init                                 0x080024a5   Thumb Code   114  control.o(i.PID_Init)
    PendSV_Handler                           0x08002625   Thumb Code     2  stm32f10x_it.o(i.PendSV_Handler)
    RCC_AHBPeriphClockCmd                    0x08002629   Thumb Code    26  stm32f10x_rcc.o(i.RCC_AHBPeriphClockCmd)
    RCC_APB1PeriphClockCmd                   0x08002649   Thumb Code    26  stm32f10x_rcc.o(i.RCC_APB1PeriphClockCmd)
    RCC_APB1PeriphResetCmd                   0x08002669   Thumb Code    26  stm32f10x_rcc.o(i.RCC_APB1PeriphResetCmd)
    RCC_APB2PeriphClockCmd                   0x08002689   Thumb Code    26  stm32f10x_rcc.o(i.RCC_APB2PeriphClockCmd)
    RCC_APB2PeriphResetCmd                   0x080026a9   Thumb Code    26  stm32f10x_rcc.o(i.RCC_APB2PeriphResetCmd)
    RCC_GetClocksFreq                        0x080026c9   Thumb Code   192  stm32f10x_rcc.o(i.RCC_GetClocksFreq)
    SVC_Handler                              0x0800279d   Thumb Code     2  stm32f10x_it.o(i.SVC_Handler)
    SysTick_CLKSourceConfig                  0x08002889   Thumb Code    40  misc.o(i.SysTick_CLKSourceConfig)
    SysTick_Handler                          0x080028b1   Thumb Code     2  stm32f10x_it.o(i.SysTick_Handler)
    SystemInit                               0x080028b5   Thumb Code    78  system_stm32f10x.o(i.SystemInit)
    TIM2_IRQHandler                          0x08002915   Thumb Code   138  timer.o(i.TIM2_IRQHandler)
    TIM2_Int_Init                            0x080029c1   Thumb Code    92  timer.o(i.TIM2_Int_Init)
    TIM_ARRPreloadConfig                     0x08002a1d   Thumb Code    24  stm32f10x_tim.o(i.TIM_ARRPreloadConfig)
    TIM_ClearITPendingBit                    0x08002a35   Thumb Code     6  stm32f10x_tim.o(i.TIM_ClearITPendingBit)
    TIM_Cmd                                  0x08002a3b   Thumb Code    24  stm32f10x_tim.o(i.TIM_Cmd)
    TIM_GetCounter                           0x08002a53   Thumb Code     6  stm32f10x_tim.o(i.TIM_GetCounter)
    TIM_GetITStatus                          0x08002a59   Thumb Code    34  stm32f10x_tim.o(i.TIM_GetITStatus)
    TIM_ITConfig                             0x08002a7b   Thumb Code    18  stm32f10x_tim.o(i.TIM_ITConfig)
    TIM_OC1Init                              0x08002a8d   Thumb Code   132  stm32f10x_tim.o(i.TIM_OC1Init)
    TIM_OC1PreloadConfig                     0x08002b25   Thumb Code    18  stm32f10x_tim.o(i.TIM_OC1PreloadConfig)
    TIM_OC2Init                              0x08002b39   Thumb Code   154  stm32f10x_tim.o(i.TIM_OC2Init)
    TIM_OC2PreloadConfig                     0x08002bdd   Thumb Code    26  stm32f10x_tim.o(i.TIM_OC2PreloadConfig)
    TIM_SetCompare1                          0x08002bf7   Thumb Code     4  stm32f10x_tim.o(i.TIM_SetCompare1)
    TIM_SetCompare2                          0x08002bfb   Thumb Code     4  stm32f10x_tim.o(i.TIM_SetCompare2)
    TIM_TimeBaseInit                         0x08002c01   Thumb Code   122  stm32f10x_tim.o(i.TIM_TimeBaseInit)
    USART1_IRQHandler                        0x08002ca5   Thumb Code   122  usart.o(i.USART1_IRQHandler)
    USART2_IRQHandler                        0x08002d2d   Thumb Code    30  stm32f10x_it.o(i.USART2_IRQHandler)
    USART2_Init                              0x08002d51   Thumb Code   162  usart2.o(i.USART2_Init)
    USART_Cmd                                0x08002dfd   Thumb Code    24  stm32f10x_usart.o(i.USART_Cmd)
    USART_DeInit                             0x08002e15   Thumb Code   134  stm32f10x_usart.o(i.USART_DeInit)
    USART_GetFlagStatus                      0x08002eb1   Thumb Code    26  stm32f10x_usart.o(i.USART_GetFlagStatus)
    USART_GetITStatus                        0x08002ecb   Thumb Code    84  stm32f10x_usart.o(i.USART_GetITStatus)
    USART_ITConfig                           0x08002f1f   Thumb Code    74  stm32f10x_usart.o(i.USART_ITConfig)
    USART_Init                               0x08002f69   Thumb Code   210  stm32f10x_usart.o(i.USART_Init)
    USART_ReceiveData                        0x08003041   Thumb Code    10  stm32f10x_usart.o(i.USART_ReceiveData)
    USART_SendData                           0x0800304b   Thumb Code     8  stm32f10x_usart.o(i.USART_SendData)
    UsageFault_Handler                       0x08003053   Thumb Code     4  stm32f10x_it.o(i.UsageFault_Handler)
    __ARM_fpclassify                         0x08003057   Thumb Code    40  fpclassify.o(i.__ARM_fpclassify)
    __kernel_poly                            0x0800307f   Thumb Code   170  poly.o(i.__kernel_poly)
    __mathlib_dbl_infnan                     0x08003129   Thumb Code     6  dunder.o(i.__mathlib_dbl_infnan)
    __mathlib_dbl_infnan2                    0x0800312f   Thumb Code     4  dunder.o(i.__mathlib_dbl_infnan2)
    __mathlib_dbl_invalid                    0x08003133   Thumb Code    12  dunder.o(i.__mathlib_dbl_invalid)
    __mathlib_dbl_underflow                  0x08003141   Thumb Code    10  dunder.o(i.__mathlib_dbl_underflow)
    _is_digit                                0x08003151   Thumb Code    14  __printf_wp.o(i._is_digit)
    _sys_exit                                0x0800315f   Thumb Code     4  usart.o(i._sys_exit)
    asin                                     0x0800320d   Thumb Code   572  asin.o(i.asin)
    atan                                     0x0800347d   Thumb Code   474  atan.o(i.atan)
    atan2                                    0x0800369d   Thumb Code   346  atan2.o(i.atan2)
    ballMoveCtrl                             0x0800381d   Thumb Code    52  control.o(i.ballMoveCtrl)
    calibrationProcess                       0x08003855   Thumb Code   376  control.o(i.calibrationProcess)
    controlDataInit                          0x080039e5   Thumb Code    82  control.o(i.controlDataInit)
    coordinateCalibretion                    0x08003a49   Thumb Code   130  control.o(i.coordinateCalibretion)
    cycloAreaSpotInit                        0x08003ad5   Thumb Code   106  control.o(i.cycloAreaSpotInit)
    delay_init                               0x08003ba9   Thumb Code    50  delay.o(i.delay_init)
    delay_ms                                 0x08003bed   Thumb Code    72  delay.o(i.delay_ms)
    displayWorkState                         0x08003c39   Thumb Code   678  display.o(i.displayWorkState)
    dmp_enable_6x_lp_quat                    0x080040c9   Thumb Code    60  inv_mpu_dmp_motion_driver.o(i.dmp_enable_6x_lp_quat)
    dmp_enable_feature                       0x08004105   Thumb Code   530  inv_mpu_dmp_motion_driver.o(i.dmp_enable_feature)
    dmp_enable_gyro_cal                      0x08004321   Thumb Code    62  inv_mpu_dmp_motion_driver.o(i.dmp_enable_gyro_cal)
    dmp_enable_lp_quat                       0x08004379   Thumb Code    60  inv_mpu_dmp_motion_driver.o(i.dmp_enable_lp_quat)
    dmp_load_motion_driver_firmware          0x080043b5   Thumb Code    20  inv_mpu_dmp_motion_driver.o(i.dmp_load_motion_driver_firmware)
    dmp_read_fifo                            0x080043cd   Thumb Code   456  inv_mpu_dmp_motion_driver.o(i.dmp_read_fifo)
    dmp_set_accel_bias                       0x08004599   Thumb Code   300  inv_mpu_dmp_motion_driver.o(i.dmp_set_accel_bias)
    dmp_set_fifo_rate                        0x080046c9   Thumb Code    96  inv_mpu_dmp_motion_driver.o(i.dmp_set_fifo_rate)
    dmp_set_gyro_bias                        0x08004739   Thumb Code   294  inv_mpu_dmp_motion_driver.o(i.dmp_set_gyro_bias)
    dmp_set_orientation                      0x08004869   Thumb Code   290  inv_mpu_dmp_motion_driver.o(i.dmp_set_orientation)
    dmp_set_shake_reject_thresh              0x080049a1   Thumb Code    56  inv_mpu_dmp_motion_driver.o(i.dmp_set_shake_reject_thresh)
    dmp_set_shake_reject_time                0x080049d9   Thumb Code    38  inv_mpu_dmp_motion_driver.o(i.dmp_set_shake_reject_time)
    dmp_set_shake_reject_timeout             0x080049ff   Thumb Code    38  inv_mpu_dmp_motion_driver.o(i.dmp_set_shake_reject_timeout)
    dmp_set_tap_axes                         0x08004a25   Thumb Code    70  inv_mpu_dmp_motion_driver.o(i.dmp_set_tap_axes)
    dmp_set_tap_count                        0x08004a6b   Thumb Code    38  inv_mpu_dmp_motion_driver.o(i.dmp_set_tap_count)
    dmp_set_tap_thresh                       0x08004a91   Thumb Code   396  inv_mpu_dmp_motion_driver.o(i.dmp_set_tap_thresh)
    dmp_set_tap_time                         0x08004c31   Thumb Code    38  inv_mpu_dmp_motion_driver.o(i.dmp_set_tap_time)
    dmp_set_tap_time_multi                   0x08004c57   Thumb Code    38  inv_mpu_dmp_motion_driver.o(i.dmp_set_tap_time_multi)
    drawCircle                               0x08004c7d   Thumb Code   914  control.o(i.drawCircle)
    fputc                                    0x08005035   Thumb Code    32  usart.o(i.fputc)
    getSensorData                            0x08005059   Thumb Code    62  control.o(i.getSensorData)
    getTime                                  0x080050a1   Thumb Code    50  timer.o(i.getTime)
    getTime100MsFlag                         0x080050d9   Thumb Code    22  timer.o(i.getTime100MsFlag)
    getTime10MsFlag                          0x080050f5   Thumb Code    22  timer.o(i.getTime10MsFlag)
    getTime1SFlag                            0x08005111   Thumb Code    22  timer.o(i.getTime1SFlag)
    get_ms                                   0x080051e1   Thumb Code     2  delay.o(i.get_ms)
    i2cInit                                  0x08005765   Thumb Code    38  stm32_i2c.o(i.i2cInit)
    i2cRead                                  0x08005791   Thumb Code   120  stm32_i2c.o(i.i2cRead)
    i2cWriteBuffer                           0x08005809   Thumb Code   100  stm32_i2c.o(i.i2cWriteBuffer)
    i2cread                                  0x0800586d   Thumb Code    38  stm32_i2c.o(i.i2cread)
    i2cwrite                                 0x08005893   Thumb Code    38  stm32_i2c.o(i.i2cwrite)
    initMPU                                  0x080058b9   Thumb Code   218  angle.o(i.initMPU)
    item2Process                             0x08005cdd   Thumb Code    14  control.o(i.item2Process)
    item3Process                             0x08005cf1   Thumb Code   150  control.o(i.item3Process)
    item4Process                             0x08005d99   Thumb Code   244  control.o(i.item4Process)
    item5process                             0x08005e99   Thumb Code   160  control.o(i.item5process)
    item6process                             0x08005f45   Thumb Code   204  control.o(i.item6process)
    item7Process                             0x08006025   Thumb Code   228  control.o(i.item7Process)
    item8Process                             0x08006121   Thumb Code   426  control.o(i.item8Process)
    main                                     0x080062e5   Thumb Code   132  main.o(i.main)
    motoInit                                 0x08006375   Thumb Code    12  moto.o(i.motoInit)
    motoSpeedUpdata                          0x08006381   Thumb Code   126  moto.o(i.motoSpeedUpdata)
    motoTestUp                               0x08006405   Thumb Code    30  control.o(i.motoTestUp)
    moveToSpot                               0x08006429   Thumb Code   294  control.o(i.moveToSpot)
    mpu_configure_fifo                       0x08006569   Thumb Code   106  inv_mpu.o(i.mpu_configure_fifo)
    mpu_get_accel_fsr                        0x080065d9   Thumb Code    72  inv_mpu.o(i.mpu_get_accel_fsr)
    mpu_get_accel_sens                       0x08006625   Thumb Code    78  inv_mpu.o(i.mpu_get_accel_sens)
    mpu_get_fifo_config                      0x08006679   Thumb Code    12  inv_mpu.o(i.mpu_get_fifo_config)
    mpu_get_gyro_fsr                         0x08006689   Thumb Code    64  inv_mpu.o(i.mpu_get_gyro_fsr)
    mpu_get_gyro_sens                        0x080066cd   Thumb Code    58  inv_mpu.o(i.mpu_get_gyro_sens)
    mpu_get_lpf                              0x0800671d   Thumb Code    74  inv_mpu.o(i.mpu_get_lpf)
    mpu_get_sample_rate                      0x0800676d   Thumb Code    26  inv_mpu.o(i.mpu_get_sample_rate)
    mpu_init                                 0x0800678d   Thumb Code   414  inv_mpu.o(i.mpu_init)
    mpu_load_firmware                        0x08006979   Thumb Code   180  inv_mpu.o(i.mpu_load_firmware)
    mpu_lp_accel_mode                        0x08006a31   Thumb Code   218  inv_mpu.o(i.mpu_lp_accel_mode)
    mpu_read_fifo_stream                     0x08006b11   Thumb Code   186  inv_mpu.o(i.mpu_read_fifo_stream)
    mpu_read_mem                             0x08006bd1   Thumb Code   122  inv_mpu.o(i.mpu_read_mem)
    mpu_reset_fifo                           0x08006c51   Thumb Code   450  inv_mpu.o(i.mpu_reset_fifo)
    mpu_run_self_test                        0x08006e19   Thumb Code   278  inv_mpu.o(i.mpu_run_self_test)
    mpu_set_accel_fsr                        0x08006f35   Thumb Code   126  inv_mpu.o(i.mpu_set_accel_fsr)
    mpu_set_bypass                           0x08006fb9   Thumb Code   328  inv_mpu.o(i.mpu_set_bypass)
    mpu_set_dmp_state                        0x08007105   Thumb Code   138  inv_mpu.o(i.mpu_set_dmp_state)
    mpu_set_gyro_fsr                         0x08007195   Thumb Code   132  inv_mpu.o(i.mpu_set_gyro_fsr)
    mpu_set_int_latched                      0x0800721d   Thumb Code   102  inv_mpu.o(i.mpu_set_int_latched)
    mpu_set_lpf                              0x08007289   Thumb Code   126  inv_mpu.o(i.mpu_set_lpf)
    mpu_set_sample_rate                      0x0800730d   Thumb Code   152  inv_mpu.o(i.mpu_set_sample_rate)
    mpu_set_sensors                          0x080073a9   Thumb Code   202  inv_mpu.o(i.mpu_set_sensors)
    mpu_write_mem                            0x08007479   Thumb Code   122  inv_mpu.o(i.mpu_write_mem)
    openMVDataProess                         0x080074f9   Thumb Code   170  openmv.o(i.openMVDataProess)
    openMVPortInit                           0x080075b1   Thumb Code    12  openmv.o(i.openMVPortInit)
    prepareProcess                           0x080075bd   Thumb Code    20  control.o(i.prepareProcess)
    readAngleData                            0x080075d1   Thumb Code   642  angle.o(i.readAngleData)
    sqrt                                     0x08007a05   Thumb Code    76  sqrt.o(i.sqrt)
    stopProcess                              0x08007a51   Thumb Code    20  control.o(i.stopProcess)
    systemStateCtrl                          0x08007a65   Thumb Code   644  control.o(i.systemStateCtrl)
    tim3PwmInit                              0x08007d01   Thumb Code   152  pwmoutput.o(i.tim3PwmInit)
    tim3PwmSetDutyCycle                      0x08007da1   Thumb Code    58  pwmoutput.o(i.tim3PwmSetDutyCycle)
    tim5PwmInit                              0x08007de1   Thumb Code   152  pwmoutput.o(i.tim5PwmInit)
    tim5PwmSetDutyCycle                      0x08007e81   Thumb Code    58  pwmoutput.o(i.tim5PwmSetDutyCycle)
    uart_init                                0x08007ec1   Thumb Code   158  usart.o(i.uart_init)
    workProcess                              0x08007f69   Thumb Code    90  control.o(i.workProcess)
    _get_lc_numeric                          0x08007fcd   Thumb Code    44  lc_numeric_c.o(locale$$code)
    __aeabi_d2f                              0x08007ff9   Thumb Code     0  d2f.o(x$fpl$d2f)
    _d2f                                     0x08007ff9   Thumb Code    98  d2f.o(x$fpl$d2f)
    __aeabi_dadd                             0x0800805d   Thumb Code     0  daddsub_clz.o(x$fpl$dadd)
    _dadd                                    0x0800805d   Thumb Code   332  daddsub_clz.o(x$fpl$dadd)
    __fpl_dcheck_NaN1                        0x080081ad   Thumb Code    10  dcheck1.o(x$fpl$dcheck1)
    __fpl_dcmp_Inf                           0x080081bd   Thumb Code    24  dcmpi.o(x$fpl$dcmpinf)
    __aeabi_ddiv                             0x080081d5   Thumb Code     0  ddiv.o(x$fpl$ddiv)
    _ddiv                                    0x080081d5   Thumb Code   552  ddiv.o(x$fpl$ddiv)
    __aeabi_d2uiz                            0x08008485   Thumb Code     0  dfixu.o(x$fpl$dfixu)
    _dfixu                                   0x08008485   Thumb Code    90  dfixu.o(x$fpl$dfixu)
    __aeabi_i2d                              0x080084df   Thumb Code     0  dflt_clz.o(x$fpl$dflt)
    _dflt                                    0x080084df   Thumb Code    46  dflt_clz.o(x$fpl$dflt)
    __aeabi_ui2d                             0x0800850d   Thumb Code     0  dflt_clz.o(x$fpl$dfltu)
    _dfltu                                   0x0800850d   Thumb Code    38  dflt_clz.o(x$fpl$dfltu)
    __aeabi_cdcmple                          0x08008535   Thumb Code     0  dleqf.o(x$fpl$dleqf)
    _dcmple                                  0x08008535   Thumb Code   120  dleqf.o(x$fpl$dleqf)
    __fpl_dcmple_InfNaN                      0x08008597   Thumb Code     0  dleqf.o(x$fpl$dleqf)
    __aeabi_dmul                             0x080085ad   Thumb Code     0  dmul.o(x$fpl$dmul)
    _dmul                                    0x080085ad   Thumb Code   332  dmul.o(x$fpl$dmul)
    __fpl_dnaninf                            0x08008701   Thumb Code   156  dnaninf.o(x$fpl$dnaninf)
    __fpl_dretinf                            0x0800879d   Thumb Code    12  dretinf.o(x$fpl$dretinf)
    __aeabi_cdrcmple                         0x080087a9   Thumb Code     0  drleqf.o(x$fpl$drleqf)
    _drcmple                                 0x080087a9   Thumb Code   108  drleqf.o(x$fpl$drleqf)
    __aeabi_drsub                            0x08008815   Thumb Code     0  daddsub_clz.o(x$fpl$drsb)
    _drsb                                    0x08008815   Thumb Code    22  daddsub_clz.o(x$fpl$drsb)
    _dsqrt                                   0x0800882d   Thumb Code   456  dsqrt_noumaal.o(x$fpl$dsqrt)
    __aeabi_dsub                             0x080089f9   Thumb Code     0  daddsub_clz.o(x$fpl$dsub)
    _dsub                                    0x080089f9   Thumb Code   464  daddsub_clz.o(x$fpl$dsub)
    __aeabi_f2d                              0x08008bcd   Thumb Code     0  f2d.o(x$fpl$f2d)
    _f2d                                     0x08008bcd   Thumb Code    86  f2d.o(x$fpl$f2d)
    __aeabi_fadd                             0x08008c25   Thumb Code     0  faddsub_clz.o(x$fpl$fadd)
    _fadd                                    0x08008c25   Thumb Code   196  faddsub_clz.o(x$fpl$fadd)
    __fpl_fcmp_Inf                           0x08008ce9   Thumb Code    24  fcmpi.o(x$fpl$fcmpinf)
    __aeabi_fdiv                             0x08008d01   Thumb Code     0  fdiv.o(x$fpl$fdiv)
    _fdiv                                    0x08008d01   Thumb Code   384  fdiv.o(x$fpl$fdiv)
    __aeabi_cfcmpeq                          0x08008e85   Thumb Code     0  feqf.o(x$fpl$feqf)
    _fcmpeq                                  0x08008e85   Thumb Code   104  feqf.o(x$fpl$feqf)
    __aeabi_f2iz                             0x08008eed   Thumb Code     0  ffix.o(x$fpl$ffix)
    _ffix                                    0x08008eed   Thumb Code    54  ffix.o(x$fpl$ffix)
    __aeabi_f2uiz                            0x08008f25   Thumb Code     0  ffixu.o(x$fpl$ffixu)
    _ffixu                                   0x08008f25   Thumb Code    62  ffixu.o(x$fpl$ffixu)
    __aeabi_i2f                              0x08008f65   Thumb Code     0  fflt_clz.o(x$fpl$fflt)
    _fflt                                    0x08008f65   Thumb Code    48  fflt_clz.o(x$fpl$fflt)
    __aeabi_ui2f                             0x08008f95   Thumb Code     0  fflt_clz.o(x$fpl$ffltu)
    _ffltu                                   0x08008f95   Thumb Code    38  fflt_clz.o(x$fpl$ffltu)
    __aeabi_cfcmple                          0x08008fbd   Thumb Code     0  fleqf.o(x$fpl$fleqf)
    _fcmple                                  0x08008fbd   Thumb Code   104  fleqf.o(x$fpl$fleqf)
    __fpl_fcmple_InfNaN                      0x0800900f   Thumb Code     0  fleqf.o(x$fpl$fleqf)
    __aeabi_fmul                             0x08009025   Thumb Code     0  fmul.o(x$fpl$fmul)
    _fmul                                    0x08009025   Thumb Code   258  fmul.o(x$fpl$fmul)
    __fpl_fnaninf                            0x08009127   Thumb Code   140  fnaninf.o(x$fpl$fnaninf)
    __fpl_fretinf                            0x080091b3   Thumb Code    10  fretinf.o(x$fpl$fretinf)
    __aeabi_cfrcmple                         0x080091bd   Thumb Code     0  frleqf.o(x$fpl$frleqf)
    _frcmple                                 0x080091bd   Thumb Code    98  frleqf.o(x$fpl$frleqf)
    __aeabi_fsub                             0x08009221   Thumb Code     0  faddsub_clz.o(x$fpl$fsub)
    _fsub                                    0x08009221   Thumb Code   234  faddsub_clz.o(x$fpl$fsub)
    _printf_fp_dec                           0x0800930b   Thumb Code     4  printf1.o(x$fpl$printf1)
    __fpl_return_NaN                         0x0800930f   Thumb Code   100  retnan.o(x$fpl$retnan)
    __ARM_scalbn                             0x08009373   Thumb Code    92  scalbn.o(x$fpl$scalbn)
    __fpl_cmpreturn                          0x080093cf   Thumb Code    48  trapv.o(x$fpl$trapveneer)
    __I$use$fp                               0x080093fe   Number         0  usenofp.o(x$fpl$usenofp)
    hw                                       0x08009400   Data          12  inv_mpu.o(.constdata)
    reg                                      0x0800940c   Data          27  inv_mpu.o(.constdata)
    test                                     0x08009428   Data          40  inv_mpu.o(.constdata)
    ASCII8x16_Table                          0x0800a046   Data        1520  fonts.o(.constdata)
    ASCII16x24_Table                         0x0800a636   Data        4560  fonts.o(.constdata)
    ASCII24x32_Table                         0x0800b806   Data        9120  fonts.o(.constdata)
    __mathlib_zero                           0x0800dc90   Data           8  qnan.o(.constdata)
    Region$$Table$$Base                      0x0800dd7c   Number         0  anon$$obj.o(Region$$Table)
    Region$$Table$$Limit                     0x0800dd9c   Number         0  anon$$obj.o(Region$$Table)
    pathStringCut                            0x20000008   Data           1  control.o(.data)
    __stdout                                 0x20000048   Data           4  usart.o(.data)
    USART_RX_STA                             0x2000004c   Data           2  usart.o(.data)
    key                                      0x20000064   Data           2  key.o(.data)
    rx_new                                   0x20000068   Data           1  angle.o(.data)
    q0                                       0x20000074   Data           4  angle.o(.data)
    q1                                       0x20000078   Data           4  angle.o(.data)
    q2                                       0x2000007c   Data           4  angle.o(.data)
    q3                                       0x20000080   Data           4  angle.o(.data)
    Font8x16                                 0x200000b0   Data           8  fonts.o(.data)
    Font16x24                                0x200000b8   Data           8  fonts.o(.data)
    Font24x32                                0x200000c0   Data           8  fonts.o(.data)
    spot                                     0x200000c8   Data           4  openmv.o(.data)
    LCD_X_LENGTH                             0x200000d0   Data           2  bsp_ili9341_lcd.o(.data)
    LCD_Y_LENGTH                             0x200000d2   Data           2  bsp_ili9341_lcd.o(.data)
    LCD_SCAN_MODE                            0x200000d4   Data           1  bsp_ili9341_lcd.o(.data)
    SystemCoreClock                          0x200000f4   Data           4  system_stm32f10x.o(.data)
    AHBPrescTable                            0x200000f8   Data          16  system_stm32f10x.o(.data)
    pathString                               0x20000108   Data          20  control.o(.bss)
    cycloArea                                0x2000011c   Data          36  control.o(.bss)
    systemControl                            0x20000140   Data          56  control.o(.bss)
    xCtrl                                    0x20000178   Data          48  control.o(.bss)
    yCtrl                                    0x200001a8   Data          48  control.o(.bss)
    pitchCtrl                                0x200001d8   Data          48  control.o(.bss)
    rollCtrl                                 0x20000208   Data          48  control.o(.bss)
    xDistanceCtrl                            0x20000238   Data          48  control.o(.bss)
    yDistanceCtrl                            0x20000268   Data          48  control.o(.bss)
    USART_RX_BUF                             0x20000298   Data         200  usart.o(.bss)
    __libspace_start                         0x20000438   Data          96  libspace.o(.bss)
    __temporary_stack_top$libspace           0x20000498   Data           0  libspace.o(.bss)



==============================================================================

Memory Map of the image

  Image Entry point : 0x08000131

  Load Region LR_IROM1 (Base: 0x08000000, Size: 0x0000dec0, Max: 0x00080000, ABSOLUTE)

    Execution Region ER_IROM1 (Base: 0x08000000, Size: 0x0000ddb8, Max: 0x00080000, ABSOLUTE)

    Base Addr    Size         Type   Attr      Idx    E Section Name        Object

    0x08000000   0x00000130   Data   RO         3126    RESET               startup_stm32f10x_hd.o
    0x08000130   0x00000008   Code   RO         3228  * !!!main             c_w.l(__main.o)
    0x08000138   0x00000034   Code   RO         3603    !!!scatter          c_w.l(__scatter.o)
    0x0800016c   0x0000001a   Code   RO         3605    !!handler_copy      c_w.l(__scatter_copy.o)
    0x08000186   0x00000002   PAD
    0x08000188   0x0000001c   Code   RO         3607    !!handler_zi        c_w.l(__scatter_zi.o)
    0x080001a4   0x00000000   Code   RO         3219    .ARM.Collect$$_printf_percent$$00000000  c_w.l(_printf_percent.o)
    0x080001a4   0x00000006   Code   RO         3218    .ARM.Collect$$_printf_percent$$00000003  c_w.l(_printf_f.o)
    0x080001aa   0x00000006   Code   RO         3217    .ARM.Collect$$_printf_percent$$00000009  c_w.l(_printf_d.o)
    0x080001b0   0x00000004   Code   RO         3337    .ARM.Collect$$_printf_percent$$00000017  c_w.l(_printf_percent_end.o)
    0x080001b4   0x00000002   Code   RO         3473    .ARM.Collect$$libinit$$00000000  c_w.l(libinit.o)
    0x080001b6   0x00000000   Code   RO         3475    .ARM.Collect$$libinit$$00000002  c_w.l(libinit2.o)
    0x080001b6   0x00000000   Code   RO         3477    .ARM.Collect$$libinit$$00000004  c_w.l(libinit2.o)
    0x080001b6   0x00000000   Code   RO         3480    .ARM.Collect$$libinit$$0000000A  c_w.l(libinit2.o)
    0x080001b6   0x00000000   Code   RO         3482    .ARM.Collect$$libinit$$0000000C  c_w.l(libinit2.o)
    0x080001b6   0x00000000   Code   RO         3484    .ARM.Collect$$libinit$$0000000E  c_w.l(libinit2.o)
    0x080001b6   0x00000006   Code   RO         3485    .ARM.Collect$$libinit$$0000000F  c_w.l(libinit2.o)
    0x080001bc   0x00000000   Code   RO         3487    .ARM.Collect$$libinit$$00000011  c_w.l(libinit2.o)
    0x080001bc   0x00000000   Code   RO         3489    .ARM.Collect$$libinit$$00000013  c_w.l(libinit2.o)
    0x080001bc   0x00000000   Code   RO         3491    .ARM.Collect$$libinit$$00000015  c_w.l(libinit2.o)
    0x080001bc   0x0000000a   Code   RO         3492    .ARM.Collect$$libinit$$00000016  c_w.l(libinit2.o)
    0x080001c6   0x00000000   Code   RO         3493    .ARM.Collect$$libinit$$00000017  c_w.l(libinit2.o)
    0x080001c6   0x00000000   Code   RO         3495    .ARM.Collect$$libinit$$00000019  c_w.l(libinit2.o)
    0x080001c6   0x00000000   Code   RO         3497    .ARM.Collect$$libinit$$0000001B  c_w.l(libinit2.o)
    0x080001c6   0x00000000   Code   RO         3499    .ARM.Collect$$libinit$$0000001D  c_w.l(libinit2.o)
    0x080001c6   0x00000000   Code   RO         3501    .ARM.Collect$$libinit$$0000001F  c_w.l(libinit2.o)
    0x080001c6   0x00000000   Code   RO         3503    .ARM.Collect$$libinit$$00000021  c_w.l(libinit2.o)
    0x080001c6   0x00000000   Code   RO         3505    .ARM.Collect$$libinit$$00000023  c_w.l(libinit2.o)
    0x080001c6   0x00000000   Code   RO         3507    .ARM.Collect$$libinit$$00000025  c_w.l(libinit2.o)
    0x080001c6   0x00000000   Code   RO         3511    .ARM.Collect$$libinit$$0000002C  c_w.l(libinit2.o)
    0x080001c6   0x00000000   Code   RO         3513    .ARM.Collect$$libinit$$0000002E  c_w.l(libinit2.o)
    0x080001c6   0x00000000   Code   RO         3515    .ARM.Collect$$libinit$$00000030  c_w.l(libinit2.o)
    0x080001c6   0x00000000   Code   RO         3517    .ARM.Collect$$libinit$$00000032  c_w.l(libinit2.o)
    0x080001c6   0x00000002   Code   RO         3518    .ARM.Collect$$libinit$$00000033  c_w.l(libinit2.o)
    0x080001c8   0x00000002   Code   RO         3564    .ARM.Collect$$libshutdown$$00000000  c_w.l(libshutdown.o)
    0x080001ca   0x00000000   Code   RO         3574    .ARM.Collect$$libshutdown$$00000003  c_w.l(libshutdown2.o)
    0x080001ca   0x00000000   Code   RO         3577    .ARM.Collect$$libshutdown$$00000006  c_w.l(libshutdown2.o)
    0x080001ca   0x00000000   Code   RO         3580    .ARM.Collect$$libshutdown$$00000009  c_w.l(libshutdown2.o)
    0x080001ca   0x00000000   Code   RO         3582    .ARM.Collect$$libshutdown$$0000000B  c_w.l(libshutdown2.o)
    0x080001ca   0x00000000   Code   RO         3585    .ARM.Collect$$libshutdown$$0000000E  c_w.l(libshutdown2.o)
    0x080001ca   0x00000002   Code   RO         3586    .ARM.Collect$$libshutdown$$0000000F  c_w.l(libshutdown2.o)
    0x080001cc   0x00000000   Code   RO         3322    .ARM.Collect$$rtentry$$00000000  c_w.l(__rtentry.o)
    0x080001cc   0x00000000   Code   RO         3387    .ARM.Collect$$rtentry$$00000002  c_w.l(__rtentry2.o)
    0x080001cc   0x00000006   Code   RO         3399    .ARM.Collect$$rtentry$$00000004  c_w.l(__rtentry4.o)
    0x080001d2   0x00000000   Code   RO         3389    .ARM.Collect$$rtentry$$00000009  c_w.l(__rtentry2.o)
    0x080001d2   0x00000004   Code   RO         3390    .ARM.Collect$$rtentry$$0000000A  c_w.l(__rtentry2.o)
    0x080001d6   0x00000000   Code   RO         3392    .ARM.Collect$$rtentry$$0000000C  c_w.l(__rtentry2.o)
    0x080001d6   0x00000008   Code   RO         3393    .ARM.Collect$$rtentry$$0000000D  c_w.l(__rtentry2.o)
    0x080001de   0x00000002   Code   RO         3521    .ARM.Collect$$rtexit$$00000000  c_w.l(rtexit.o)
    0x080001e0   0x00000000   Code   RO         3534    .ARM.Collect$$rtexit$$00000002  c_w.l(rtexit2.o)
    0x080001e0   0x00000004   Code   RO         3535    .ARM.Collect$$rtexit$$00000003  c_w.l(rtexit2.o)
    0x080001e4   0x00000006   Code   RO         3536    .ARM.Collect$$rtexit$$00000004  c_w.l(rtexit2.o)
    0x080001ea   0x00000002   PAD
    0x080001ec   0x00000040   Code   RO         3127    .text               startup_stm32f10x_hd.o
    0x0800022c   0x00000002   Code   RO         3179    .text               c_w.l(use_no_semi_2.o)
    0x0800022e   0x00000048   Code   RO         3181    .text               c_w.l(llsdiv.o)
    0x08000276   0x00000002   PAD
    0x08000278   0x00000018   Code   RO         3187    .text               c_w.l(noretval__2printf.o)
    0x08000290   0x00000028   Code   RO         3189    .text               c_w.l(noretval__2sprintf.o)
    0x080002b8   0x0000004e   Code   RO         3193    .text               c_w.l(_printf_pad.o)
    0x08000306   0x00000002   PAD
    0x08000308   0x00000078   Code   RO         3195    .text               c_w.l(_printf_dec.o)
    0x08000380   0x0000010e   Code   RO         3205    .text               c_w.l(__printf_wp.o)
    0x0800048e   0x00000058   Code   RO         3220    .text               c_w.l(memcmp.o)
    0x080004e6   0x00000010   Code   RO         3222    .text               c_w.l(aeabi_memset.o)
    0x080004f6   0x0000004e   Code   RO         3224    .text               c_w.l(rt_memclr_w.o)
    0x08000544   0x00000006   Code   RO         3226    .text               c_w.l(heapauxi.o)
    0x0800054a   0x00000002   Code   RO         3320    .text               c_w.l(use_no_semi.o)
    0x0800054c   0x000000ee   Code   RO         3323    .text               c_w.l(lludivv7m.o)
    0x0800063a   0x00000016   Code   RO         3325    .text               c_w.l(_rserrno.o)
    0x08000650   0x000000b2   Code   RO         3327    .text               c_w.l(_printf_intcommon.o)
    0x08000702   0x0000041a   Code   RO         3329    .text               c_w.l(_printf_fp_dec.o)
    0x08000b1c   0x00000030   Code   RO         3331    .text               c_w.l(_printf_char_common.o)
    0x08000b4c   0x0000000a   Code   RO         3333    .text               c_w.l(_sputc.o)
    0x08000b56   0x00000002   PAD
    0x08000b58   0x00000024   Code   RO         3335    .text               c_w.l(_printf_char_file.o)
    0x08000b7c   0x00000044   Code   RO         3338    .text               c_w.l(rt_memclr.o)
    0x08000bc0   0x00000008   Code   RO         3408    .text               c_w.l(rt_locale_intlibspace.o)
    0x08000bc8   0x00000008   Code   RO         3413    .text               c_w.l(rt_errno_addr_intlibspace.o)
    0x08000bd0   0x0000008a   Code   RO         3415    .text               c_w.l(lludiv10.o)
    0x08000c5a   0x00000002   PAD
    0x08000c5c   0x00000080   Code   RO         3417    .text               c_w.l(_printf_fp_infnan.o)
    0x08000cdc   0x000000dc   Code   RO         3421    .text               c_w.l(bigflt0.o)
    0x08000db8   0x00000008   Code   RO         3446    .text               c_w.l(ferror.o)
    0x08000dc0   0x00000008   Code   RO         3457    .text               c_w.l(libspace.o)
    0x08000dc8   0x0000004a   Code   RO         3460    .text               c_w.l(sys_stackheap_outer.o)
    0x08000e12   0x0000000c   Code   RO         3464    .text               c_w.l(exit.o)
    0x08000e1e   0x00000002   PAD
    0x08000e20   0x00000080   Code   RO         3466    .text               c_w.l(strcmpv7m.o)
    0x08000ea0   0x0000003e   Code   RO         3424    CL$$btod_d2e        c_w.l(btod.o)
    0x08000ede   0x00000046   Code   RO         3426    CL$$btod_d2e_denorm_low  c_w.l(btod.o)
    0x08000f24   0x00000060   Code   RO         3425    CL$$btod_d2e_norm_op1  c_w.l(btod.o)
    0x08000f84   0x00000338   Code   RO         3434    CL$$btod_div_common  c_w.l(btod.o)
    0x080012bc   0x000000c6   Code   RO         3431    CL$$btod_e2e        c_w.l(btod.o)
    0x08001382   0x00000028   Code   RO         3428    CL$$btod_ediv       c_w.l(btod.o)
    0x080013aa   0x00000028   Code   RO         3427    CL$$btod_emul       c_w.l(btod.o)
    0x080013d2   0x00000244   Code   RO         3433    CL$$btod_mult_common  c_w.l(btod.o)
    0x08001616   0x00000004   Code   RO          136    i.BusFault_Handler  stm32f10x_it.o
    0x0800161a   0x00000002   Code   RO          137    i.DebugMon_Handler  stm32f10x_it.o
    0x0800161c   0x00000034   Code   RO         1871    i.FSMC_NORSRAMCmd   stm32f10x_fsmc.o
    0x08001650   0x000000e6   Code   RO         1873    i.FSMC_NORSRAMInit  stm32f10x_fsmc.o
    0x08001736   0x00000116   Code   RO         1998    i.GPIO_Init         stm32f10x_gpio.o
    0x0800184c   0x00000004   Code   RO         2005    i.GPIO_ResetBits    stm32f10x_gpio.o
    0x08001850   0x00000004   Code   RO         2006    i.GPIO_SetBits      stm32f10x_gpio.o
    0x08001854   0x00000004   Code   RO         2008    i.GPIO_Write        stm32f10x_gpio.o
    0x08001858   0x00000004   Code   RO          138    i.HardFault_Handler  stm32f10x_it.o
    0x0800185c   0x00000034   Code   RO          819    i.I2C_Ack           stm32_i2c.o
    0x08001890   0x00000034   Code   RO          820    i.I2C_NoAck         stm32_i2c.o
    0x080018c4   0x00000054   Code   RO          821    i.I2C_ReceiveByte   stm32_i2c.o
    0x08001918   0x00000054   Code   RO          822    i.I2C_SendByte      stm32_i2c.o
    0x0800196c   0x00000058   Code   RO          823    i.I2C_Start         stm32_i2c.o
    0x080019c4   0x00000034   Code   RO          824    i.I2C_Stop          stm32_i2c.o
    0x080019f8   0x00000048   Code   RO          825    i.I2C_WaitAck       stm32_i2c.o
    0x08001a40   0x00000016   Code   RO          826    i.I2C_delay         stm32_i2c.o
    0x08001a56   0x00000002   PAD
    0x08001a58   0x00000020   Code   RO         1527    i.ILI9341_BackLed_Control  bsp_ili9341_lcd.o
    0x08001a78   0x0000002c   Code   RO         1528    i.ILI9341_Clear     bsp_ili9341_lcd.o
    0x08001aa4   0x00000012   Code   RO         1529    i.ILI9341_Delay     bsp_ili9341_lcd.o
    0x08001ab6   0x00000002   PAD
    0x08001ab8   0x00000098   Code   RO         1530    i.ILI9341_DispChar_EN  bsp_ili9341_lcd.o
    0x08001b50   0x00000068   Code   RO         1531    i.ILI9341_DispStringLine_EN  bsp_ili9341_lcd.o
    0x08001bb8   0x00000068   Code   RO         1532    i.ILI9341_DispString_EN  bsp_ili9341_lcd.o
    0x08001c20   0x00000062   Code   RO         1537    i.ILI9341_FSMC_Config  bsp_ili9341_lcd.o
    0x08001c82   0x00000020   Code   RO         1538    i.ILI9341_FillColor  bsp_ili9341_lcd.o
    0x08001ca2   0x00000002   PAD
    0x08001ca4   0x000001a4   Code   RO         1539    i.ILI9341_GPIO_Config  bsp_ili9341_lcd.o
    0x08001e48   0x000000b8   Code   RO         1541    i.ILI9341_GramScan  bsp_ili9341_lcd.o
    0x08001f00   0x00000028   Code   RO         1542    i.ILI9341_Init      bsp_ili9341_lcd.o
    0x08001f28   0x00000058   Code   RO         1543    i.ILI9341_OpenWindow  bsp_ili9341_lcd.o
    0x08001f80   0x00000230   Code   RO         1544    i.ILI9341_REG_Config  bsp_ili9341_lcd.o
    0x080021b0   0x00000028   Code   RO         1547    i.ILI9341_Rst       bsp_ili9341_lcd.o
    0x080021d8   0x00000008   Code   RO         1550    i.ILI9341_Write_Cmd  bsp_ili9341_lcd.o
    0x080021e0   0x0000000c   Code   RO         1551    i.ILI9341_Write_Data  bsp_ili9341_lcd.o
    0x080021ec   0x00000048   Code   RO          716    i.Key_GPIO_Config   key.o
    0x08002234   0x000001ac   Code   RO          717    i.Key_button        key.o
    0x080023e0   0x0000000c   Code   RO         1554    i.LCD_GetFont       bsp_ili9341_lcd.o
    0x080023ec   0x00000014   Code   RO         1557    i.LCD_SetColors     bsp_ili9341_lcd.o
    0x08002400   0x0000000c   Code   RO         1558    i.LCD_SetFont       bsp_ili9341_lcd.o
    0x0800240c   0x00000004   Code   RO          139    i.MemManage_Handler  stm32f10x_it.o
    0x08002410   0x00000002   Code   RO          140    i.NMI_Handler       stm32f10x_it.o
    0x08002412   0x0000000c   Code   RO          482    i.NVIC_Configuration  sys.o
    0x0800241e   0x00000002   PAD
    0x08002420   0x00000070   Code   RO         1746    i.NVIC_Init         misc.o
    0x08002490   0x00000014   Code   RO         1747    i.NVIC_PriorityGroupConfig  misc.o
    0x080024a4   0x000000a8   Code   RO          246    i.PID_Init          control.o
    0x0800254c   0x000000d8   Code   RO          247    i.PID_Postion_Cal   control.o
    0x08002624   0x00000002   Code   RO          141    i.PendSV_Handler    stm32f10x_it.o
    0x08002626   0x00000002   PAD
    0x08002628   0x00000020   Code   RO         2119    i.RCC_AHBPeriphClockCmd  stm32f10x_rcc.o
    0x08002648   0x00000020   Code   RO         2120    i.RCC_APB1PeriphClockCmd  stm32f10x_rcc.o
    0x08002668   0x00000020   Code   RO         2121    i.RCC_APB1PeriphResetCmd  stm32f10x_rcc.o
    0x08002688   0x00000020   Code   RO         2122    i.RCC_APB2PeriphClockCmd  stm32f10x_rcc.o
    0x080026a8   0x00000020   Code   RO         2123    i.RCC_APB2PeriphResetCmd  stm32f10x_rcc.o
    0x080026c8   0x000000d4   Code   RO         2130    i.RCC_GetClocksFreq  stm32f10x_rcc.o
    0x0800279c   0x00000002   Code   RO          142    i.SVC_Handler       stm32f10x_it.o
    0x0800279e   0x00000008   Code   RO         3134    i.SetSysClock       system_stm32f10x.o
    0x080027a6   0x00000002   PAD
    0x080027a8   0x000000e0   Code   RO         3135    i.SetSysClockTo72   system_stm32f10x.o
    0x08002888   0x00000028   Code   RO         1750    i.SysTick_CLKSourceConfig  misc.o
    0x080028b0   0x00000002   Code   RO          143    i.SysTick_Handler   stm32f10x_it.o
    0x080028b2   0x00000002   PAD
    0x080028b4   0x00000060   Code   RO         3137    i.SystemInit        system_stm32f10x.o
    0x08002914   0x000000ac   Code   RO          565    i.TIM2_IRQHandler   timer.o
    0x080029c0   0x0000005c   Code   RO          566    i.TIM2_Int_Init     timer.o
    0x08002a1c   0x00000018   Code   RO         2334    i.TIM_ARRPreloadConfig  stm32f10x_tim.o
    0x08002a34   0x00000006   Code   RO         2341    i.TIM_ClearITPendingBit  stm32f10x_tim.o
    0x08002a3a   0x00000018   Code   RO         2346    i.TIM_Cmd           stm32f10x_tim.o
    0x08002a52   0x00000006   Code   RO         2365    i.TIM_GetCounter    stm32f10x_tim.o
    0x08002a58   0x00000022   Code   RO         2367    i.TIM_GetITStatus   stm32f10x_tim.o
    0x08002a7a   0x00000012   Code   RO         2371    i.TIM_ITConfig      stm32f10x_tim.o
    0x08002a8c   0x00000098   Code   RO         2375    i.TIM_OC1Init       stm32f10x_tim.o
    0x08002b24   0x00000012   Code   RO         2378    i.TIM_OC1PreloadConfig  stm32f10x_tim.o
    0x08002b36   0x00000002   PAD
    0x08002b38   0x000000a4   Code   RO         2380    i.TIM_OC2Init       stm32f10x_tim.o
    0x08002bdc   0x0000001a   Code   RO         2383    i.TIM_OC2PreloadConfig  stm32f10x_tim.o
    0x08002bf6   0x00000004   Code   RO         2407    i.TIM_SetCompare1   stm32f10x_tim.o
    0x08002bfa   0x00000004   Code   RO         2408    i.TIM_SetCompare2   stm32f10x_tim.o
    0x08002bfe   0x00000002   PAD
    0x08002c00   0x000000a4   Code   RO         2417    i.TIM_TimeBaseInit  stm32f10x_tim.o
    0x08002ca4   0x00000088   Code   RO          507    i.USART1_IRQHandler  usart.o
    0x08002d2c   0x00000024   Code   RO          144    i.USART2_IRQHandler  stm32f10x_it.o
    0x08002d50   0x000000ac   Code   RO          630    i.USART2_Init       usart2.o
    0x08002dfc   0x00000018   Code   RO         2894    i.USART_Cmd         stm32f10x_usart.o
    0x08002e14   0x0000009c   Code   RO         2896    i.USART_DeInit      stm32f10x_usart.o
    0x08002eb0   0x0000001a   Code   RO         2897    i.USART_GetFlagStatus  stm32f10x_usart.o
    0x08002eca   0x00000054   Code   RO         2898    i.USART_GetITStatus  stm32f10x_usart.o
    0x08002f1e   0x0000004a   Code   RO         2900    i.USART_ITConfig    stm32f10x_usart.o
    0x08002f68   0x000000d8   Code   RO         2901    i.USART_Init        stm32f10x_usart.o
    0x08003040   0x0000000a   Code   RO         2908    i.USART_ReceiveData  stm32f10x_usart.o
    0x0800304a   0x00000008   Code   RO         2911    i.USART_SendData    stm32f10x_usart.o
    0x08003052   0x00000004   Code   RO          145    i.UsageFault_Handler  stm32f10x_it.o
    0x08003056   0x00000028   Code   RO         3381    i.__ARM_fpclassify  m_ws.l(fpclassify.o)
    0x0800307e   0x000000aa   Code   RO         3383    i.__kernel_poly     m_ws.l(poly.o)
    0x08003128   0x00000006   Code   RO         3368    i.__mathlib_dbl_infnan  m_ws.l(dunder.o)
    0x0800312e   0x00000004   Code   RO         3369    i.__mathlib_dbl_infnan2  m_ws.l(dunder.o)
    0x08003132   0x0000000c   Code   RO         3370    i.__mathlib_dbl_invalid  m_ws.l(dunder.o)
    0x0800313e   0x00000002   PAD
    0x08003140   0x00000010   Code   RO         3373    i.__mathlib_dbl_underflow  m_ws.l(dunder.o)
    0x08003150   0x0000000e   Code   RO         3207    i._is_digit         c_w.l(__printf_wp.o)
    0x0800315e   0x00000004   Code   RO          508    i._sys_exit         usart.o
    0x08003162   0x00000002   PAD
    0x08003164   0x000000a8   Code   RO          919    i.accel_self_test   inv_mpu.o
    0x0800320c   0x00000270   Code   RO         3295    i.asin              m_ws.l(asin.o)
    0x0800347c   0x00000220   Code   RO         3358    i.atan              m_ws.l(atan.o)
    0x0800369c   0x00000180   Code   RO         3305    i.atan2             m_ws.l(atan2.o)
    0x0800381c   0x00000038   Code   RO          249    i.ballMoveCtrl      control.o
    0x08003854   0x00000190   Code   RO          250    i.calibrationProcess  control.o
    0x080039e4   0x00000064   Code   RO          251    i.controlDataInit   control.o
    0x08003a48   0x0000008c   Code   RO          252    i.coordinateCalibretion  control.o
    0x08003ad4   0x00000070   Code   RO          253    i.cycloAreaSpotInit  control.o
    0x08003b44   0x00000064   Code   RO         1223    i.decode_gesture    inv_mpu_dmp_motion_driver.o
    0x08003ba8   0x00000044   Code   RO          432    i.delay_init        delay.o
    0x08003bec   0x0000004c   Code   RO          433    i.delay_ms          delay.o
    0x08003c38   0x00000490   Code   RO          215    i.displayWorkState  display.o
    0x080040c8   0x0000003c   Code   RO         1224    i.dmp_enable_6x_lp_quat  inv_mpu_dmp_motion_driver.o
    0x08004104   0x0000021c   Code   RO         1225    i.dmp_enable_feature  inv_mpu_dmp_motion_driver.o
    0x08004320   0x00000058   Code   RO         1226    i.dmp_enable_gyro_cal  inv_mpu_dmp_motion_driver.o
    0x08004378   0x0000003c   Code   RO         1227    i.dmp_enable_lp_quat  inv_mpu_dmp_motion_driver.o
    0x080043b4   0x00000018   Code   RO         1232    i.dmp_load_motion_driver_firmware  inv_mpu_dmp_motion_driver.o
    0x080043cc   0x000001cc   Code   RO         1233    i.dmp_read_fifo     inv_mpu_dmp_motion_driver.o
    0x08004598   0x00000130   Code   RO         1236    i.dmp_set_accel_bias  inv_mpu_dmp_motion_driver.o
    0x080046c8   0x00000070   Code   RO         1237    i.dmp_set_fifo_rate  inv_mpu_dmp_motion_driver.o
    0x08004738   0x00000130   Code   RO         1238    i.dmp_set_gyro_bias  inv_mpu_dmp_motion_driver.o
    0x08004868   0x00000138   Code   RO         1240    i.dmp_set_orientation  inv_mpu_dmp_motion_driver.o
    0x080049a0   0x00000038   Code   RO         1243    i.dmp_set_shake_reject_thresh  inv_mpu_dmp_motion_driver.o
    0x080049d8   0x00000026   Code   RO         1244    i.dmp_set_shake_reject_time  inv_mpu_dmp_motion_driver.o
    0x080049fe   0x00000026   Code   RO         1245    i.dmp_set_shake_reject_timeout  inv_mpu_dmp_motion_driver.o
    0x08004a24   0x00000046   Code   RO         1246    i.dmp_set_tap_axes  inv_mpu_dmp_motion_driver.o
    0x08004a6a   0x00000026   Code   RO         1247    i.dmp_set_tap_count  inv_mpu_dmp_motion_driver.o
    0x08004a90   0x000001a0   Code   RO         1248    i.dmp_set_tap_thresh  inv_mpu_dmp_motion_driver.o
    0x08004c30   0x00000026   Code   RO         1249    i.dmp_set_tap_time  inv_mpu_dmp_motion_driver.o
    0x08004c56   0x00000026   Code   RO         1250    i.dmp_set_tap_time_multi  inv_mpu_dmp_motion_driver.o
    0x08004c7c   0x000003b8   Code   RO          254    i.drawCircle        control.o
    0x08005034   0x00000024   Code   RO          509    i.fputc             usart.o
    0x08005058   0x00000048   Code   RO          255    i.getSensorData     control.o
    0x080050a0   0x00000038   Code   RO          567    i.getTime           timer.o
    0x080050d8   0x0000001c   Code   RO          568    i.getTime100MsFlag  timer.o
    0x080050f4   0x0000001c   Code   RO          569    i.getTime10MsFlag   timer.o
    0x08005110   0x0000001c   Code   RO          570    i.getTime1SFlag     timer.o
    0x0800512c   0x000000b4   Code   RO          920    i.get_accel_prod_shift  inv_mpu.o
    0x080051e0   0x00000002   Code   RO          435    i.get_ms            delay.o
    0x080051e2   0x00000002   PAD
    0x080051e4   0x00000470   Code   RO          921    i.get_st_biases     inv_mpu.o
    0x08005654   0x00000110   Code   RO          922    i.gyro_self_test    inv_mpu.o
    0x08005764   0x0000002c   Code   RO          828    i.i2cInit           stm32_i2c.o
    0x08005790   0x00000078   Code   RO          829    i.i2cRead           stm32_i2c.o
    0x08005808   0x00000064   Code   RO          831    i.i2cWriteBuffer    stm32_i2c.o
    0x0800586c   0x00000026   Code   RO          832    i.i2cread           stm32_i2c.o
    0x08005892   0x00000026   Code   RO          833    i.i2cwrite          stm32_i2c.o
    0x080058b8   0x000003ac   Code   RO          753    i.initMPU           angle.o
    0x08005c64   0x00000028   Code   RO          754    i.inv_orientation_matrix_to_scalar  angle.o
    0x08005c8c   0x0000004e   Code   RO          755    i.inv_row_2_scale   angle.o
    0x08005cda   0x00000002   PAD
    0x08005cdc   0x00000014   Code   RO          256    i.item2Process      control.o
    0x08005cf0   0x000000a8   Code   RO          257    i.item3Process      control.o
    0x08005d98   0x00000100   Code   RO          258    i.item4Process      control.o
    0x08005e98   0x000000ac   Code   RO          259    i.item5process      control.o
    0x08005f44   0x000000e0   Code   RO          260    i.item6process      control.o
    0x08006024   0x000000fc   Code   RO          261    i.item7Process      control.o
    0x08006120   0x000001c4   Code   RO          262    i.item8Process      control.o
    0x080062e4   0x00000090   Code   RO            4    i.main              main.o
    0x08006374   0x0000000c   Code   RO         1445    i.motoInit          moto.o
    0x08006380   0x00000084   Code   RO         1446    i.motoSpeedUpdata   moto.o
    0x08006404   0x00000024   Code   RO          265    i.motoTestUp        control.o
    0x08006428   0x00000140   Code   RO          266    i.moveToSpot        control.o
    0x08006568   0x00000070   Code   RO          923    i.mpu_configure_fifo  inv_mpu.o
    0x080065d8   0x0000004c   Code   RO          924    i.mpu_get_accel_fsr  inv_mpu.o
    0x08006624   0x00000054   Code   RO          926    i.mpu_get_accel_sens  inv_mpu.o
    0x08006678   0x00000010   Code   RO          931    i.mpu_get_fifo_config  inv_mpu.o
    0x08006688   0x00000044   Code   RO          932    i.mpu_get_gyro_fsr  inv_mpu.o
    0x080066cc   0x00000050   Code   RO          934    i.mpu_get_gyro_sens  inv_mpu.o
    0x0800671c   0x00000050   Code   RO          936    i.mpu_get_lpf       inv_mpu.o
    0x0800676c   0x00000020   Code   RO          938    i.mpu_get_sample_rate  inv_mpu.o
    0x0800678c   0x000001ec   Code   RO          940    i.mpu_init          inv_mpu.o
    0x08006978   0x000000b8   Code   RO          941    i.mpu_load_firmware  inv_mpu.o
    0x08006a30   0x000000e0   Code   RO          942    i.mpu_lp_accel_mode  inv_mpu.o
    0x08006b10   0x000000c0   Code   RO          945    i.mpu_read_fifo_stream  inv_mpu.o
    0x08006bd0   0x00000080   Code   RO          946    i.mpu_read_mem      inv_mpu.o
    0x08006c50   0x000001c8   Code   RO          949    i.mpu_reset_fifo    inv_mpu.o
    0x08006e18   0x0000011c   Code   RO          950    i.mpu_run_self_test  inv_mpu.o
    0x08006f34   0x00000084   Code   RO          952    i.mpu_set_accel_fsr  inv_mpu.o
    0x08006fb8   0x0000014c   Code   RO          953    i.mpu_set_bypass    inv_mpu.o
    0x08007104   0x00000090   Code   RO          955    i.mpu_set_dmp_state  inv_mpu.o
    0x08007194   0x00000088   Code   RO          956    i.mpu_set_gyro_fsr  inv_mpu.o
    0x0800721c   0x0000006c   Code   RO          957    i.mpu_set_int_latched  inv_mpu.o
    0x08007288   0x00000084   Code   RO          959    i.mpu_set_lpf       inv_mpu.o
    0x0800730c   0x0000009c   Code   RO          960    i.mpu_set_sample_rate  inv_mpu.o
    0x080073a8   0x000000d0   Code   RO          961    i.mpu_set_sensors   inv_mpu.o
    0x08007478   0x00000080   Code   RO          962    i.mpu_write_mem     inv_mpu.o
    0x080074f8   0x000000b8   Code   RO         1482    i.openMVDataProess  openmv.o
    0x080075b0   0x0000000c   Code   RO         1483    i.openMVPortInit    openmv.o
    0x080075bc   0x00000014   Code   RO          267    i.prepareProcess    control.o
    0x080075d0   0x000002c0   Code   RO          756    i.readAngleData     angle.o
    0x08007890   0x000000e4   Code   RO          757    i.run_self_test     angle.o
    0x08007974   0x00000090   Code   RO          963    i.set_int_enable    inv_mpu.o
    0x08007a04   0x0000004c   Code   RO         3313    i.sqrt              m_ws.l(sqrt.o)
    0x08007a50   0x00000014   Code   RO          268    i.stopProcess       control.o
    0x08007a64   0x0000029c   Code   RO          269    i.systemStateCtrl   control.o
    0x08007d00   0x000000a0   Code   RO          671    i.tim3PwmInit       pwmoutput.o
    0x08007da0   0x00000040   Code   RO          672    i.tim3PwmSetDutyCycle  pwmoutput.o
    0x08007de0   0x000000a0   Code   RO          673    i.tim5PwmInit       pwmoutput.o
    0x08007e80   0x00000040   Code   RO          674    i.tim5PwmSetDutyCycle  pwmoutput.o
    0x08007ec0   0x000000a8   Code   RO          510    i.uart_init         usart.o
    0x08007f68   0x00000064   Code   RO          270    i.workProcess       control.o
    0x08007fcc   0x0000002c   Code   RO         3451    locale$$code        c_w.l(lc_numeric_c.o)
    0x08007ff8   0x00000062   Code   RO         3230    x$fpl$d2f           fz_ws.l(d2f.o)
    0x0800805a   0x00000002   PAD
    0x0800805c   0x00000150   Code   RO         3232    x$fpl$dadd          fz_ws.l(daddsub_clz.o)
    0x080081ac   0x00000010   Code   RO         3453    x$fpl$dcheck1       fz_ws.l(dcheck1.o)
    0x080081bc   0x00000018   Code   RO         3340    x$fpl$dcmpinf       fz_ws.l(dcmpi.o)
    0x080081d4   0x000002b0   Code   RO         3239    x$fpl$ddiv          fz_ws.l(ddiv.o)
    0x08008484   0x0000005a   Code   RO         3242    x$fpl$dfixu         fz_ws.l(dfixu.o)
    0x080084de   0x0000002e   Code   RO         3247    x$fpl$dflt          fz_ws.l(dflt_clz.o)
    0x0800850c   0x00000026   Code   RO         3246    x$fpl$dfltu         fz_ws.l(dflt_clz.o)
    0x08008532   0x00000002   PAD
    0x08008534   0x00000078   Code   RO         3252    x$fpl$dleqf         fz_ws.l(dleqf.o)
    0x080085ac   0x00000154   Code   RO         3254    x$fpl$dmul          fz_ws.l(dmul.o)
    0x08008700   0x0000009c   Code   RO         3342    x$fpl$dnaninf       fz_ws.l(dnaninf.o)
    0x0800879c   0x0000000c   Code   RO         3344    x$fpl$dretinf       fz_ws.l(dretinf.o)
    0x080087a8   0x0000006c   Code   RO         3256    x$fpl$drleqf        fz_ws.l(drleqf.o)
    0x08008814   0x00000016   Code   RO         3233    x$fpl$drsb          fz_ws.l(daddsub_clz.o)
    0x0800882a   0x00000002   PAD
    0x0800882c   0x000001cc   Code   RO         3346    x$fpl$dsqrt         fz_ws.l(dsqrt_noumaal.o)
    0x080089f8   0x000001d4   Code   RO         3234    x$fpl$dsub          fz_ws.l(daddsub_clz.o)
    0x08008bcc   0x00000056   Code   RO         3258    x$fpl$f2d           fz_ws.l(f2d.o)
    0x08008c22   0x00000002   PAD
    0x08008c24   0x000000c4   Code   RO         3260    x$fpl$fadd          fz_ws.l(faddsub_clz.o)
    0x08008ce8   0x00000018   Code   RO         3348    x$fpl$fcmpinf       fz_ws.l(fcmpi.o)
    0x08008d00   0x00000184   Code   RO         3267    x$fpl$fdiv          fz_ws.l(fdiv.o)
    0x08008e84   0x00000068   Code   RO         3270    x$fpl$feqf          fz_ws.l(feqf.o)
    0x08008eec   0x00000036   Code   RO         3272    x$fpl$ffix          fz_ws.l(ffix.o)
    0x08008f22   0x00000002   PAD
    0x08008f24   0x0000003e   Code   RO         3276    x$fpl$ffixu         fz_ws.l(ffixu.o)
    0x08008f62   0x00000002   PAD
    0x08008f64   0x00000030   Code   RO         3281    x$fpl$fflt          fz_ws.l(fflt_clz.o)
    0x08008f94   0x00000026   Code   RO         3280    x$fpl$ffltu         fz_ws.l(fflt_clz.o)
    0x08008fba   0x00000002   PAD
    0x08008fbc   0x00000068   Code   RO         3286    x$fpl$fleqf         fz_ws.l(fleqf.o)
    0x08009024   0x00000102   Code   RO         3288    x$fpl$fmul          fz_ws.l(fmul.o)
    0x08009126   0x0000008c   Code   RO         3350    x$fpl$fnaninf       fz_ws.l(fnaninf.o)
    0x080091b2   0x0000000a   Code   RO         3352    x$fpl$fretinf       fz_ws.l(fretinf.o)
    0x080091bc   0x00000062   Code   RO         3290    x$fpl$frleqf        fz_ws.l(frleqf.o)
    0x0800921e   0x00000002   PAD
    0x08009220   0x000000ea   Code   RO         3262    x$fpl$fsub          fz_ws.l(faddsub_clz.o)
    0x0800930a   0x00000004   Code   RO         3292    x$fpl$printf1       fz_ws.l(printf1.o)
    0x0800930e   0x00000064   Code   RO         3519    x$fpl$retnan        fz_ws.l(retnan.o)
    0x08009372   0x0000005c   Code   RO         3354    x$fpl$scalbn        fz_ws.l(scalbn.o)
    0x080093ce   0x00000030   Code   RO         3531    x$fpl$trapveneer    fz_ws.l(trapv.o)
    0x080093fe   0x00000000   Code   RO         3356    x$fpl$usenofp       fz_ws.l(usenofp.o)
    0x080093fe   0x00000002   PAD
    0x08009400   0x00000050   Data   RO          964    .constdata          inv_mpu.o
    0x08009450   0x00000bf6   Data   RO         1252    .constdata          inv_mpu_dmp_motion_driver.o
    0x0800a046   0x00003b60   Data   RO         1420    .constdata          fonts.o
    0x0800dba6   0x00000002   PAD
    0x0800dba8   0x00000050   Data   RO         3296    .constdata          m_ws.l(asin.o)
    0x0800dbf8   0x00000098   Data   RO         3359    .constdata          m_ws.l(atan.o)
    0x0800dc90   0x00000008   Data   RO         3385    .constdata          m_ws.l(qnan.o)
    0x0800dc98   0x00000094   Data   RO         3422    .constdata          c_w.l(bigflt0.o)
    0x0800dd2c   0x0000004d   Data   RO          965    .conststring        inv_mpu.o
    0x0800dd79   0x00000003   PAD
    0x0800dd7c   0x00000020   Data   RO         3601    Region$$Table       anon$$obj.o
    0x0800dd9c   0x0000001c   Data   RO         3450    locale$$data        c_w.l(lc_numeric_c.o)


    Execution Region RW_IRAM1 (Base: 0x20000000, Size: 0x00000a98, Max: 0x00010000, ABSOLUTE)

    Base Addr    Size         Type   Attr      Idx    E Section Name        Object

    0x20000000   0x00000002   Data   RW          216    .data               display.o
    0x20000002   0x00000006   PAD
    0x20000008   0x00000039   Data   RW          272    .data               control.o
    0x20000041   0x00000001   PAD
    0x20000042   0x00000004   Data   RW          436    .data               delay.o
    0x20000046   0x00000002   PAD
    0x20000048   0x00000006   Data   RW          512    .data               usart.o
    0x2000004e   0x00000002   PAD
    0x20000050   0x00000014   Data   RW          572    .data               timer.o
    0x20000064   0x00000002   Data   RW          718    .data               key.o
    0x20000066   0x00000002   PAD
    0x20000068   0x0000001c   Data   RW          759    .data               angle.o
    0x20000084   0x0000002c   Data   RW          966    .data               inv_mpu.o
    0x200000b0   0x00000018   Data   RW         1421    .data               fonts.o
    0x200000c8   0x00000006   Data   RW         1485    .data               openmv.o
    0x200000ce   0x00000002   PAD
    0x200000d0   0x00000010   Data   RW         1560    .data               bsp_ili9341_lcd.o
    0x200000e0   0x00000014   Data   RW         2150    .data               stm32f10x_rcc.o
    0x200000f4   0x00000014   Data   RW         3138    .data               system_stm32f10x.o
    0x20000108   0x00000190   Zero   RW          271    .bss                control.o
    0x20000298   0x000000c8   Zero   RW          511    .bss                usart.o
    0x20000360   0x00000010   Zero   RW         1251    .bss                inv_mpu_dmp_motion_driver.o
    0x20000370   0x000000c8   Zero   RW         1484    .bss                openmv.o
    0x20000438   0x00000060   Zero   RW         3458    .bss                c_w.l(libspace.o)
    0x20000498   0x00000200   Zero   RW         3125    HEAP                startup_stm32f10x_hd.o
    0x20000698   0x00000400   Zero   RW         3124    STACK               startup_stm32f10x_hd.o


==============================================================================

Image component sizes


      Code (inc. data)   RO Data    RW Data    ZI Data      Debug   Object Name

      1990        856          0         28          0       5283   angle.o
      1980        124          0         16          0      12479   bsp_ili9341_lcd.o
      4924        402          0         57        400      16578   control.o
       146         22          0          4          0       1629   delay.o
      1168        510          0          2          0        751   display.o
         0          0      15200         24          0       1329   fonts.o
      5884        278        157         44          0      26139   inv_mpu.o
      3096        122       3062          0         16      20510   inv_mpu_dmp_motion_driver.o
       500         14          0          2          0       1877   key.o
       144         12          0          0          0     262450   main.o
       172         22          0          0          0       2245   misc.o
       144          6          0          0          0       1085   moto.o
       196         14          0          6        200       1855   openmv.o
       448         28          0          0          0       2484   pwmoutput.o
        64         26        304          0       1536        828   startup_stm32f10x_hd.o
       846         40          0          0          0       7802   stm32_i2c.o
       282          6          0          0          0       1969   stm32f10x_fsmc.o
       290          0          0          0          0       3765   stm32f10x_gpio.o
        62          6          0          0          0       4302   stm32f10x_it.o
       372         50          0         20          0       6420   stm32f10x_rcc.o
       644         72          0          0          0       8828   stm32f10x_tim.o
       598         28          0          0          0       7060   stm32f10x_usart.o
        12          0          0          0          0        453   sys.o
       328         28          0         20          0       2345   system_stm32f10x.o
       404         58          0         20          0       3521   timer.o
       344         28          0          6        200       4180   usart.o
       172         10          0          0          0        706   usart2.o

    ----------------------------------------------------------------------
     25234       2762      18760        264       2352     408873   Object Totals
         0          0         32          0          0          0   (incl. Generated)
        24          0          5         15          0          0   (incl. Padding)

    ----------------------------------------------------------------------

      Code (inc. data)   RO Data    RW Data    ZI Data      Debug   Library Member Name

         8          0          0          0          0         68   __main.o
       284          0          0          0          0        156   __printf_wp.o
         0          0          0          0          0          0   __rtentry.o
        12          0          0          0          0          0   __rtentry2.o
         6          0          0          0          0          0   __rtentry4.o
        52          8          0          0          0          0   __scatter.o
        26          0          0          0          0          0   __scatter_copy.o
        28          0          0          0          0          0   __scatter_zi.o
        48          6          0          0          0         96   _printf_char_common.o
        36          4          0          0          0         80   _printf_char_file.o
         6          0          0          0          0          0   _printf_d.o
       120         16          0          0          0         92   _printf_dec.o
         6          0          0          0          0          0   _printf_f.o
      1050          0          0          0          0        216   _printf_fp_dec.o
       128         16          0          0          0         84   _printf_fp_infnan.o
       178          0          0          0          0         88   _printf_intcommon.o
        78          0          0          0          0        108   _printf_pad.o
         0          0          0          0          0          0   _printf_percent.o
         4          0          0          0          0          0   _printf_percent_end.o
        22          0          0          0          0        100   _rserrno.o
        10          0          0          0          0         68   _sputc.o
        16          0          0          0          0         68   aeabi_memset.o
       220          4        148          0          0         96   bigflt0.o
      1910        128          0          0          0        672   btod.o
        12          0          0          0          0         72   exit.o
         8          0          0          0          0         68   ferror.o
         6          0          0          0          0        152   heapauxi.o
        44         10         28          0          0         76   lc_numeric_c.o
         2          0          0          0          0          0   libinit.o
        18          0          0          0          0          0   libinit2.o
         2          0          0          0          0          0   libshutdown.o
         2          0          0          0          0          0   libshutdown2.o
         8          4          0          0         96         68   libspace.o
        72          0          0          0          0         76   llsdiv.o
       138          0          0          0          0         80   lludiv10.o
       238          0          0          0          0        100   lludivv7m.o
        88          0          0          0          0         76   memcmp.o
        24          4          0          0          0         84   noretval__2printf.o
        40          6          0          0          0         84   noretval__2sprintf.o
         8          4          0          0          0         68   rt_errno_addr_intlibspace.o
         8          4          0          0          0         68   rt_locale_intlibspace.o
        68          0          0          0          0         68   rt_memclr.o
        78          0          0          0          0         80   rt_memclr_w.o
         2          0          0          0          0          0   rtexit.o
        10          0          0          0          0          0   rtexit2.o
       128          0          0          0          0         68   strcmpv7m.o
        74          0          0          0          0         80   sys_stackheap_outer.o
         2          0          0          0          0         68   use_no_semi.o
         2          0          0          0          0         68   use_no_semi_2.o
        98          4          0          0          0         92   d2f.o
       826         16          0          0          0        348   daddsub_clz.o
        16          4          0          0          0         68   dcheck1.o
        24          0          0          0          0         68   dcmpi.o
       688        140          0          0          0        208   ddiv.o
        90          4          0          0          0         92   dfixu.o
        84          0          0          0          0        136   dflt_clz.o
       120          4          0          0          0         92   dleqf.o
       340         12          0          0          0        104   dmul.o
       156          4          0          0          0         92   dnaninf.o
        12          0          0          0          0         68   dretinf.o
       108          0          0          0          0         80   drleqf.o
       460         56          0          0          0        120   dsqrt_noumaal.o
        86          4          0          0          0         84   f2d.o
       430          8          0          0          0        168   faddsub_clz.o
        24          0          0          0          0         68   fcmpi.o
       388         76          0          0          0         96   fdiv.o
       104          4          0          0          0         84   feqf.o
        54          4          0          0          0         84   ffix.o
        62          4          0          0          0         84   ffixu.o
        86          0          0          0          0        136   fflt_clz.o
       104          4          0          0          0         84   fleqf.o
       258          4          0          0          0         84   fmul.o
       140          4          0          0          0         84   fnaninf.o
        10          0          0          0          0         68   fretinf.o
        98          0          0          0          0         68   frleqf.o
         4          0          0          0          0         68   printf1.o
       100          0          0          0          0         68   retnan.o
        92          0          0          0          0         68   scalbn.o
        48          0          0          0          0         68   trapv.o
         0          0          0          0          0          0   usenofp.o
       624         52         80          0          0        168   asin.o
       544         70        152          0          0        124   atan.o
       384         38          0          0          0        144   atan2.o
        38          6          0          0          0        272   dunder.o
        40          0          0          0          0         68   fpclassify.o
       170          0          0          0          0         96   poly.o
         0          0          8          0          0          0   qnan.o
        76          0          0          0          0         84   sqrt.o

    ----------------------------------------------------------------------
     12350        736        416          0         96       7484   Library Totals
        34          0          0          0          0          0   (incl. Padding)

    ----------------------------------------------------------------------

      Code (inc. data)   RO Data    RW Data    ZI Data      Debug   Library Name

      5330        214        176          0         96       3496   c_w.l
      5110        356          0          0          0       3032   fz_ws.l
      1876        166        240          0          0        956   m_ws.l

    ----------------------------------------------------------------------
     12350        736        416          0         96       7484   Library Totals

    ----------------------------------------------------------------------

==============================================================================


      Code (inc. data)   RO Data    RW Data    ZI Data      Debug   

     37584       3498      19176        264       2448     402781   Grand Totals
     37584       3498      19176        264       2448     402781   ELF Image Totals
     37584       3498      19176        264          0          0   ROM Totals

==============================================================================

    Total RO  Size (Code + RO Data)                56760 (  55.43kB)
    Total RW  Size (RW Data + ZI Data)              2712 (   2.65kB)
    Total ROM Size (Code + RO Data + RW Data)      57024 (  55.69kB)

==============================================================================

